[backblue.gif]
[fade.gif]
[index.html]
[www.rick-fairlamb.co.uk/feed/index.html]
[www.rick-fairlamb.co.uk/xmlrpc.php]
[www.rick-fairlamb.co.uk/xmlrpc0db0.php]
[www.rick-fairlamb.co.uk/wp-includes/wlwmanifest.xml]
[www.rick-fairlamb.co.uk/wp-content/themes/f8-static/images/logo.png]
[www.rick-fairlamb.co.uk/wp-content/uploads/2011/08/Night-Train-welcome-page2-950x418.jpg]
[www.rick-fairlamb.co.uk/wp-content/uploads/2024/06/Lloyds-Take-a-Plunge-1-crops-310x150.jpg]
[www.rick-fairlamb.co.uk/wp-content/uploads/2024/06/lloyds-take-a-Plunge-2-cropalt-version-310x150.jpg]
[www.rick-fairlamb.co.uk/wp-content/uploads/2024/04/L-02a-crop-310x150.jpg]
[www.rick-fairlamb.co.uk/index.html]
[www.rick-fairlamb.co.uk/wp-content/themes/f8-static/images/rss.png]
[www.rick-fairlamb.co.uk/wp-content/themes/f8-static/images/li.png]
[www.rick-fairlamb.co.uk/wp-content/themes/f8-static/images/li-white.png]
[www.rick-fairlamb.co.uk/wp-content/themes/f8-static/images/x.png]
[www.rick-fairlamb.co.uk/comments/feed/index.html]
[www.rick-fairlamb.co.uk/wp-content/themes/f8-static/images/search.gif]
[www.rick-fairlamb.co.uk/wp-content/themes/f8-static/style.css]
[www.rick-fairlamb.co.uk/wp-content/themes/f8-static/css/src/grid.png]
[www.rick-fairlamb.co.uk/wp-content/themes/f8-static/css/screen.css]
[www.rick-fairlamb.co.uk/wp-content/themes/f8-static/css/print.css]
[www.rick-fairlamb.co.uk/wp-content/themes/f8-static/js/jquery-1.2.5.min.js]
[www.rick-fairlamb.co.uk/wp-content/plugins/photo-galleria/js/jquery.galleria.pack.js]
[www.rick-fairlamb.co.uk/wp-content/plugins/photo-galleria/css/galleria-mod.css]
[www.rick-fairlamb.co.uk/wp-content/plugins/photo-galleria/css/galleria.css]
[www.rick-fairlamb.co.uk/wp-includes/js/l10na17a.js]
[www.rick-fairlamb.co.uk/wp-includes/js/jquery/jquery51a2.js]
[www.rick-fairlamb.co.uk/wp-content/plugins/cforms/images/field-bg-top.gif]
[www.rick-fairlamb.co.uk/wp-content/plugins/cforms/images/field-bg-bottom.gif]
[www.rick-fairlamb.co.uk/wp-content/plugins/cforms/images/button-bg.gif]
[www.rick-fairlamb.co.uk/wp-content/plugins/cforms/styling/li-err-bg.png]
[www.rick-fairlamb.co.uk/wp-content/plugins/cforms/styling/icon-alert.png]
[www.rick-fairlamb.co.uk/wp-content/plugins/cforms/styling/minimal.css]
[www.rick-fairlamb.co.uk/wp-content/plugins/cforms/js/cforms.js]
[www.rick-fairlamb.co.uk/wp-content/plugins/cforms/styling/captcha_reset_white.gif]
[www.rick-fairlamb.co.uk/wp-content/uploads/2008/10/character-design2017.jpg]
[www.rick-fairlamb.co.uk/wp-content/uploads/2008/10/illustration2017.jpg]
[www.rick-fairlamb.co.uk/wp-content/uploads/2008/10/City-Element-Storyboard-01crop12.jpg]
[www.rick-fairlamb.co.uk/portfolio/index.html]
[www.rick-fairlamb.co.uk/wp-content/uploads/2008/10/gfol.jpg]
[www.rick-fairlamb.co.uk/wp-content/uploads/2023/05/War-of-the-Worlds-Epiloguecrop.jpg]
[www.rick-fairlamb.co.uk/category/sketchbook/feed/index.html]
[www.rick-fairlamb.co.uk/wp-content/uploads/2023/01/Stranger-things-2-rough-2023-310x150.jpg]
[www.rick-fairlamb.co.uk/wp-content/uploads/2023/01/Dracula-sml-crop-Harker-arrives-at-castle-Dracula-sketch-2023-310x150.jpg]
[www.rick-fairlamb.co.uk/wp-content/uploads/2023/01/Dracula-Harker-arrives-at-castle-Dracula-sketch-sml-2023-310x150.jpg]
[www.rick-fairlamb.co.uk/wp-content/uploads/2023/01/Jeff-Beck-sketch-fb20231-310x150.jpg]
[www.rick-fairlamb.co.uk/wp-content/uploads/2023/01/S-T-crop-310x150.jpg]
[www.rick-fairlamb.co.uk/wp-content/uploads/2020/05/Dallas-and-Alien-fbcrop-2020-310x150.jpg]
[www.rick-fairlamb.co.uk/wp-content/uploads/2018/12/Scrooge-at-Counting-Desk-310x150.jpg]
[www.rick-fairlamb.co.uk/wp-content/uploads/2018/10/Face-sketches-2018-crop-310x150.jpg]
[www.rick-fairlamb.co.uk/wp-content/uploads/2018/03/ByeBowie-s-310x150.jpg]
[www.rick-fairlamb.co.uk/wp-content/uploads/2017/10/Child-Policemancrop-310x150.jpg]
[www.rick-fairlamb.co.uk/wp-content/uploads/2017/03/Running-poses-FB-310x150.jpg]
[www.rick-fairlamb.co.uk/wp-content/uploads/2017/10/Scrooge-and-Marley-310x150.jpg]
[www.rick-fairlamb.co.uk/wp-content/uploads/2016/05/Racers-crop-310x150.jpg]
[www.rick-fairlamb.co.uk/wp-content/uploads/2016/02/Old-St.-Pauls-Cathedral-on-fire-rough-1-310x150.jpg]
[www.rick-fairlamb.co.uk/wp-content/uploads/2016/02/IMG_1819-310x150.jpg]
[www.rick-fairlamb.co.uk/wp-content/uploads/2016/02/IMG_1794-crop-310x150.jpg]
[www.rick-fairlamb.co.uk/wp-content/uploads/2016/02/IMG_1826-310x150.jpg]
[www.rick-fairlamb.co.uk/wp-content/uploads/2016/02/IMG_1823-310x150.jpg]
[www.rick-fairlamb.co.uk/wp-content/uploads/2016/02/48-49a-310x150.jpg]
[www.rick-fairlamb.co.uk/wp-content/uploads/2016/02/IMG_1824-310x150.jpg]
[www.rick-fairlamb.co.uk/wp-content/uploads/2016/02/Wolves-in-snow-crop-310x150.jpg]
[www.rick-fairlamb.co.uk/wp-content/uploads/2016/02/Sketches-of-Kids-s-310x150.jpg]
[www.rick-fairlamb.co.uk/wp-content/uploads/2016/02/Samuel-310x150.jpg]
[www.rick-fairlamb.co.uk/category/sketchbook/index.html]
[www.rick-fairlamb.co.uk/wp-content/uploads/2008/10/Arthur-03crop.jpg]
[www.rick-fairlamb.co.uk/wp-content/uploads/2008/10/Arthur-03crop-950x86.jpg]
[www.rick-fairlamb.co.uk/bio/index.html]
[www.rick-fairlamb.co.uk/wp-content/uploads/2008/10/contact4.jpg]
[www.rick-fairlamb.co.uk/contact/index.html]
[www.rick-fairlamb.co.uk/wp-content/uploads/2024/06/Lloyds-Take-a-Plunge-1.jpg]
[www.rick-fairlamb.co.uk/portfolio/storyboards/lloyds-beach-storyboard-part-1/feed/index.html]
[www.rick-fairlamb.co.uk/wp-content/uploads/2024/06/Lloyds-Take-a-Plunge-1-950x411.jpg]
[www.rick-fairlamb.co.uk/portfolio/storyboards/lloyds-beach-storyboard-part-1/index.html]
[www.rick-fairlamb.co.uk/contact/feed/index.html]
[www.rick-fairlamb.co.uk/portfolio/storyboards/lloyds-beach-storyboard-1/feed/index.html]
[www.rick-fairlamb.co.uk/bio/feed/index.html]
[www.rick-fairlamb.co.uk/wp-content/uploads/2024/06/lloyds-take-a-Plunge-2-alt-version.jpg]
[www.rick-fairlamb.co.uk/portfolio/storyboards/lloyds-beach-storyboard-1/index.html]
[www.rick-fairlamb.co.uk/wp-content/uploads/2024/06/lloyds-take-a-Plunge-2-alt-version-950x411.jpg]
[www.rick-fairlamb.co.uk/wp-content/uploads/2024/04/L-02.jpg]
[www.rick-fairlamb.co.uk/portfolio/storyboards/lloyds-take-a-plunge-storyboard-part-2/feed/index.html]
[www.rick-fairlamb.co.uk/portfolio/storyboards/lloyds-take-a-plunge-storyboard-part-2/index.html]
[www.rick-fairlamb.co.uk/wp-includes/js/jquery/ui.core926d.js]
[www.rick-fairlamb.co.uk/wp-content/plugins/cforms/styling/calendar.css]
[www.rick-fairlamb.co.uk/wp-content/uploads/2024/04/L-02-769x700.jpg]
[www.rick-fairlamb.co.uk/sketchbook/the-war-of-the-worlds-epilogue/feed/index.html]
[www.rick-fairlamb.co.uk/wp-content/uploads/2023/05/War-of-the-Worlds-Epilogue.jpg]
[www.rick-fairlamb.co.uk/sketchbook/the-war-of-the-worlds-epilogue/index.html]
[www.rick-fairlamb.co.uk/wp-content/uploads/2023/05/War-of-the-Worlds-Epilogue-494x700.jpg]
[www.rick-fairlamb.co.uk/sketchbook/stranger-things-pencil-and-colour-rough/feed/index.html]
[www.rick-fairlamb.co.uk/wp-content/uploads/2023/01/Stranger-things-2-rough-2023.jpg]
[www.rick-fairlamb.co.uk/sketchbook/stranger-things-pencil-and-colour-rough/index.html]
[www.rick-fairlamb.co.uk/wp-content/uploads/2023/01/Stranger-things-2-rough-2023-950x607.jpg]
[www.rick-fairlamb.co.uk/sketchbook/dracula-harker-arrives-at-castle-dracula-sketch-for-illustration/feed/index.html]
[www.rick-fairlamb.co.uk/wp-content/uploads/2023/01/Dracula-Harker-arrives-at-castle-Dracula-sketch-sml-20231.jpg]
[www.rick-fairlamb.co.uk/sketchbook/dracula-harker-arrives-at-castle-dracula-sketch-for-illustration/index.html]
[www.rick-fairlamb.co.uk/wp-content/uploads/2023/01/Dracula-Harker-arrives-at-castle-Dracula-sketch-sml-20231-558x700.jpg]
[www.rick-fairlamb.co.uk/sketchbook/va-sketch/feed/index.html]
[www.rick-fairlamb.co.uk/wp-content/uploads/2023/01/VA-Sketch-02.jpg]
[www.rick-fairlamb.co.uk/sketchbook/va-sketch/index.html]
[www.rick-fairlamb.co.uk/wp-content/uploads/2023/01/VA-Sketch-02-494x700.jpg]
[www.rick-fairlamb.co.uk/wp-content/uploads/2023/01/Jeff-Beck-sketch-fb2023.jpg]
[www.rick-fairlamb.co.uk/sketchbook/jeff-beck-1944-2023-pencil-white-paint-sketch/feed/index.html]
[www.rick-fairlamb.co.uk/wp-content/uploads/2023/01/Jeff-Beck-sketch-fb2023-479x700.jpg]
[www.rick-fairlamb.co.uk/sketchbook/jeff-beck-1944-2023-pencil-white-paint-sketch/index.html]
[www.rick-fairlamb.co.uk/sketchbook/stranger-things-rough-for-illustration/feed/index.html]
[www.rick-fairlamb.co.uk/wp-content/uploads/2023/01/Stranger-Things-Sketch-sml-2023.jpg]
[www.rick-fairlamb.co.uk/sketchbook/stranger-things-rough-for-illustration/index.html]
[www.rick-fairlamb.co.uk/wp-content/uploads/2023/01/Stranger-Things-Sketch-sml-2023-494x700.jpg]
[www.rick-fairlamb.co.uk/sketchbook/dallas-vs-the-alien-pencil-sketch/feed/index.html]
[www.rick-fairlamb.co.uk/wp-content/uploads/2020/05/Dallas-and-Alien-fb-20202.jpg]
[www.rick-fairlamb.co.uk/sketchbook/dallas-vs-the-alien-pencil-sketch/index.html]
[www.rick-fairlamb.co.uk/wp-content/uploads/2020/05/Dallas-and-Alien-fb-20202-534x700.jpg]
[www.rick-fairlamb.co.uk/sketchbook/scrooge-at-counting-desk/feed/index.html]
[www.rick-fairlamb.co.uk/sketchbook/scrooge-at-counting-desk/index.html]
[www.rick-fairlamb.co.uk/wp-content/uploads/2018/12/Scrooge-at-Counting-Desk-950x671.jpg]
[www.rick-fairlamb.co.uk/wp-content/uploads/2018/10/Face-sketches-20181.jpg]
[www.rick-fairlamb.co.uk/sketchbook/face-sketches-2/feed/index.html]
[www.rick-fairlamb.co.uk/sketchbook/face-sketches-2/index.html]
[www.rick-fairlamb.co.uk/wp-content/uploads/2018/10/Face-sketches-20181-507x700.jpg]
[www.rick-fairlamb.co.uk/sketchbook/good-bye-major-tom-david-bowie-tribute/feed/index.html]
[www.rick-fairlamb.co.uk/wp-content/uploads/2018/03/ByeBowie-s.jpg]
[www.rick-fairlamb.co.uk/sketchbook/good-bye-major-tom-david-bowie-tribute/index.html]
[www.rick-fairlamb.co.uk/wp-content/uploads/2018/03/ByeBowie-s-950x652.jpg]
[www.rick-fairlamb.co.uk/sketchbook/policeman-and-kid/feed/index.html]
[www.rick-fairlamb.co.uk/wp-content/uploads/2017/10/Child-Policeman-01.jpg]
[www.rick-fairlamb.co.uk/sketchbook/policeman-and-kid/index.html]
[www.rick-fairlamb.co.uk/wp-content/uploads/2017/10/Child-Policeman-01-950x671.jpg]
[www.rick-fairlamb.co.uk/sketchbook/time-trips-running-sketches/feed/index.html]
[www.rick-fairlamb.co.uk/wp-content/uploads/2017/03/Running-poses-FB.jpg]
[www.rick-fairlamb.co.uk/sketchbook/time-trips-running-sketches/index.html]
[www.rick-fairlamb.co.uk/wp-content/uploads/2017/03/Running-poses-FB-950x534.jpg]
[www.rick-fairlamb.co.uk/sketchbook/scrooge-and-marley/feed/index.html]
[www.rick-fairlamb.co.uk/wp-content/uploads/2017/10/Scrooge-and-Marley.jpg]
[www.rick-fairlamb.co.uk/sketchbook/scrooge-and-marley/index.html]
[www.rick-fairlamb.co.uk/wp-content/uploads/2017/10/Scrooge-and-Marley-494x700.jpg]
[www.rick-fairlamb.co.uk/sketchbook/racers-2/feed/index.html]
[www.rick-fairlamb.co.uk/wp-content/uploads/2016/05/Racers1.jpg]
[www.rick-fairlamb.co.uk/sketchbook/racers-2/index.html]
[www.rick-fairlamb.co.uk/wp-content/uploads/2016/05/Racers1-933x700.jpg]
[www.rick-fairlamb.co.uk/sketchbook/old-st-pauls-cathedral-sketch/feed/index.html]
[www.rick-fairlamb.co.uk/wp-content/uploads/2016/02/Old-St.-Pauls-Cathedral-on-fire-rough-1.jpg]
[www.rick-fairlamb.co.uk/sketchbook/old-st-pauls-cathedral-sketch/index.html]
[www.rick-fairlamb.co.uk/wp-content/uploads/2016/02/Old-St.-Pauls-Cathedral-on-fire-rough-1-950x670.jpg]
[www.rick-fairlamb.co.uk/sketchbook/portrait-of-a-woman-3/feed/index.html]
[www.rick-fairlamb.co.uk/sketchbook/portrait-of-a-woman-3/index.html]
[www.rick-fairlamb.co.uk/wp-content/uploads/2016/02/IMG_1819.jpg]
[www.rick-fairlamb.co.uk/sketchbook/portrait-of-woman-2/feed/index.html]
[www.rick-fairlamb.co.uk/wp-content/uploads/2016/02/IMG_1794.jpg]
[www.rick-fairlamb.co.uk/sketchbook/portrait-of-woman-2/index.html]
[www.rick-fairlamb.co.uk/wp-content/uploads/2016/02/IMG_1794-522x700.jpg]
[www.rick-fairlamb.co.uk/wp-content/uploads/2016/02/IMG_1826.jpg]
[www.rick-fairlamb.co.uk/sketchbook/the-tower-alternative-sketch/feed/index.html]
[www.rick-fairlamb.co.uk/sketchbook/the-tower-alternative-sketch/index.html]
[www.rick-fairlamb.co.uk/wp-content/uploads/2016/02/IMG_1826-499x700.jpg]
[www.rick-fairlamb.co.uk/wp-content/uploads/2016/02/IMG_1823.jpg]
[www.rick-fairlamb.co.uk/sketchbook/portrait-of-woman/feed/index.html]
[www.rick-fairlamb.co.uk/sketchbook/portrait-of-woman/index.html]
[www.rick-fairlamb.co.uk/wp-content/uploads/2016/02/IMG_1823-516x700.jpg]
[www.rick-fairlamb.co.uk/wp-content/uploads/2016/02/48-49a.jpg]
[www.rick-fairlamb.co.uk/sketchbook/charles-2nd-addressing-angry-crowd/feed/index.html]
[www.rick-fairlamb.co.uk/wp-content/uploads/2016/02/48-49a-485x700.jpg]
[www.rick-fairlamb.co.uk/sketchbook/charles-2nd-addressing-angry-crowd/index.html]
[www.rick-fairlamb.co.uk/wp-content/uploads/2016/02/IMG_1824.jpg]
[www.rick-fairlamb.co.uk/sketchbook/goblin-garden-alternative-sketch/feed/index.html]
[www.rick-fairlamb.co.uk/sketchbook/goblin-garden-alternative-sketch/index.html]
[www.rick-fairlamb.co.uk/wp-content/uploads/2016/02/IMG_1824-525x700.jpg]
[www.rick-fairlamb.co.uk/sketchbook/wolves-in-the-snow/feed/index.html]
[www.rick-fairlamb.co.uk/wp-content/uploads/2016/02/Wolves-in-snow.jpg]
[www.rick-fairlamb.co.uk/sketchbook/wolves-in-the-snow/index.html]
[www.rick-fairlamb.co.uk/wp-content/uploads/2016/02/Wolves-in-snow-499x700.jpg]
[www.rick-fairlamb.co.uk/sketchbook/sketches-of-kids/feed/index.html]
[www.rick-fairlamb.co.uk/wp-content/uploads/2016/02/Sketches-of-Kids-s.jpg]
[www.rick-fairlamb.co.uk/sketchbook/sketches-of-kids/index.html]
[www.rick-fairlamb.co.uk/wp-content/uploads/2016/02/Sketches-of-Kids-s-463x700.jpg]
[www.rick-fairlamb.co.uk/wp-content/uploads/2016/02/Samuel.jpg]
[www.rick-fairlamb.co.uk/sketchbook/samuel-pepys-and-londoners-attacking/feed/index.html]
[www.rick-fairlamb.co.uk/wp-content/uploads/2016/02/Samuel-950x671.jpg]
[www.rick-fairlamb.co.uk/sketchbook/samuel-pepys-and-londoners-attacking/index.html]
[www.rick-fairlamb.co.uk/category/sketchbook/page/2/index.html]
[www.rick-fairlamb.co.uk/about/index.html]
[www.rick-fairlamb.co.uk/wp-content/uploads/2016/02/IMG_1825-310x150.jpg]
[www.rick-fairlamb.co.uk/about/feed/index.html]
[www.rick-fairlamb.co.uk/homepage/nice-piece-of-work/index.html]
[www.rick-fairlamb.co.uk/indexc781.html]
[www.rick-fairlamb.co.uk/wp-content/uploads/2024/04/L-01-crop-310x150.jpg]
[www.rick-fairlamb.co.uk/category/portfolio/storyboards/feed/index.html]
[www.rick-fairlamb.co.uk/wp-content/uploads/2024/01/Water-Aid-01crop-310x150.jpg]
[www.rick-fairlamb.co.uk/wp-content/uploads/2024/01/David-Mitchell-Sky-Compcrop-310x150.jpg]
[www.rick-fairlamb.co.uk/wp-content/uploads/2023/01/7-crop-310x150.jpg]
[www.rick-fairlamb.co.uk/wp-content/uploads/2022/09/EE-Kevin-Bacon-Storyboard-scrop-310x150.jpg]
[www.rick-fairlamb.co.uk/wp-content/uploads/2022/06/Blackberry1-310x150.jpg]
[www.rick-fairlamb.co.uk/wp-content/uploads/2022/06/06-310x150.jpg]
[www.rick-fairlamb.co.uk/wp-content/uploads/2022/02/Ice-cream-Visual-310x150.jpg]
[www.rick-fairlamb.co.uk/wp-content/uploads/2023/01/Clarks-poster-Sml-crop-310x150.jpg]
[www.rick-fairlamb.co.uk/wp-content/uploads/2021/07/C-crop-310x150.jpg]
[www.rick-fairlamb.co.uk/wp-content/uploads/2021/05/Tech-showroom-310x150.jpg]
[www.rick-fairlamb.co.uk/wp-content/uploads/2021/05/Skater-boys-310x150.jpg]
[www.rick-fairlamb.co.uk/wp-content/uploads/2021/05/Dynamic-Frames-2021-crop-310x150.jpg]
[www.rick-fairlamb.co.uk/wp-content/uploads/2012/04/City-Element-Storyboard-01-310x150.jpg]
[www.rick-fairlamb.co.uk/wp-content/uploads/2021/01/History-channel-310x150.jpg]
[www.rick-fairlamb.co.uk/category/portfolio/storyboards/index.html]
[www.rick-fairlamb.co.uk/index4b1c.html]
[www.rick-fairlamb.co.uk/wp-content/uploads/2024/04/L-01.jpg]
[www.rick-fairlamb.co.uk/portfolio/storyboards/lloyds-take-a-plunge-storyboard-part-1/feed/index.html]
[www.rick-fairlamb.co.uk/wp-content/uploads/2024/04/L-01-769x700.jpg]
[www.rick-fairlamb.co.uk/portfolio/storyboards/lloyds-take-a-plunge-storyboard-part-1/index.html]
[www.rick-fairlamb.co.uk/index7d7e.html]
[www.rick-fairlamb.co.uk/portfolio/storyboards/neom-storyboard-1/feed/index.html]
[www.rick-fairlamb.co.uk/portfolio/storyboards/neom-storyboard-1/index.html]
[www.rick-fairlamb.co.uk/wp-content/uploads/2023/03/Neom-Comp-01s1.jpg]
[www.rick-fairlamb.co.uk/wp-content/uploads/2023/09/Shell-Visuals-1.jpg]
[www.rick-fairlamb.co.uk/portfolio/storyboards/shell-visual-1/feed/index.html]
[www.rick-fairlamb.co.uk/wp-content/uploads/2023/09/Shell-Visuals-1-604x700.jpg]
[www.rick-fairlamb.co.uk/portfolio/storyboards/shell-visual-1/index.html]
[www.rick-fairlamb.co.uk/index037f.html]
[www.rick-fairlamb.co.uk/portfolio/storyboards/funding-circle/feed/index.html]
[www.rick-fairlamb.co.uk/wp-content/uploads/2022/09/Funding-Circle-Visual.jpg]
[www.rick-fairlamb.co.uk/portfolio/storyboards/funding-circle/index.html]
[www.rick-fairlamb.co.uk/wp-content/uploads/2022/09/Funding-Circle-Visual-950x436.jpg]
[www.rick-fairlamb.co.uk/portfolio/illustration/the-war-of-the-worlds-on-primrose-hill-illustration/feed/index.html]
[www.rick-fairlamb.co.uk/wp-content/uploads/2023/01/War-of-the-Worlds-On-Primrose-Hill-Illustration1.jpg]
[www.rick-fairlamb.co.uk/portfolio/illustration/the-war-of-the-worlds-on-primrose-hill-illustration/index.html]
[www.rick-fairlamb.co.uk/index2996.html]
[www.rick-fairlamb.co.uk/wp-content/uploads/2023/01/War-of-the-Worlds-On-Primrose-Hill-Illustration1-506x700.jpg]
[www.rick-fairlamb.co.uk/portfolio/character-design/elphie-character-designs-2/feed/index.html]
[www.rick-fairlamb.co.uk/wp-content/uploads/2018/09/Elphie-Character-design-02.jpg]
[www.rick-fairlamb.co.uk/portfolio/character-design/elphie-character-designs-2/index.html]
[www.rick-fairlamb.co.uk/indexe4fa.html]
[www.rick-fairlamb.co.uk/wp-content/uploads/2018/09/Elphie-Character-design-02-495x700.jpg]
[www.rick-fairlamb.co.uk/wp-content/uploads/2023/01/War-of-the-Worlds-Tripod-designs.jpg]
[www.rick-fairlamb.co.uk/portfolio/character-design/war-of-the-worlds-tripod-designs/index.html]
[www.rick-fairlamb.co.uk/wp-content/uploads/2023/01/War-of-the-Worlds-Tripod-designs-950x669.jpg]
[www.rick-fairlamb.co.uk/indexcc8b.html]
[www.rick-fairlamb.co.uk/portfolio/character-design/war-of-the-worlds-tripod-designs/feed/index.html]
[www.rick-fairlamb.co.uk/portfolio/storyboards/aquarius-storyboard-2/feed/index.html]
[www.rick-fairlamb.co.uk/wp-content/uploads/2023/01/A-02.jpg]
[www.rick-fairlamb.co.uk/portfolio/storyboards/aquarius-storyboard-2/index.html]
[www.rick-fairlamb.co.uk/index09de.html]
[www.rick-fairlamb.co.uk/wp-content/uploads/2023/01/A-02-873x700.jpg]
[www.rick-fairlamb.co.uk/portfolio/illustration/the-war-of-the-worlds-in-the-storm-illustration/feed/index.html]
[www.rick-fairlamb.co.uk/wp-content/uploads/2023/01/The-War-of-the-Worlds-In-the-Storm.jpg]
[www.rick-fairlamb.co.uk/portfolio/illustration/the-war-of-the-worlds-in-the-storm-illustration/index.html]
[www.rick-fairlamb.co.uk/wp-content/uploads/2023/01/The-War-of-the-Worlds-In-the-Storm-563x700.jpg]
[www.rick-fairlamb.co.uk/portfolio/illustration/genentech-concept-visual/feed/index.html]
[www.rick-fairlamb.co.uk/wp-content/uploads/2023/01/Genentech-concept.jpg]
[www.rick-fairlamb.co.uk/portfolio/illustration/genentech-concept-visual/index.html]
[www.rick-fairlamb.co.uk/index9a09.html]
[www.rick-fairlamb.co.uk/wp-content/uploads/2023/01/Genentech-concept-950x671.jpg]
[www.rick-fairlamb.co.uk/portfolio/storyboards/swinton-big-babies-concept-visual/feed/index.html]
[www.rick-fairlamb.co.uk/wp-content/uploads/2020/01/Swinton-Big-Babies-fB.jpg]
[www.rick-fairlamb.co.uk/portfolio/storyboards/swinton-big-babies-concept-visual/index.html]
[www.rick-fairlamb.co.uk/wp-content/uploads/2020/01/Swinton-Big-Babies-fB-950x671.jpg]
[www.rick-fairlamb.co.uk/portfolio/storyboards/western-union-storyboard/feed/index.html]
[www.rick-fairlamb.co.uk/wp-content/uploads/2021/05/Western-Union.jpg]
[www.rick-fairlamb.co.uk/portfolio/storyboards/western-union-storyboard/index.html]
[www.rick-fairlamb.co.uk/index9117.html]
[www.rick-fairlamb.co.uk/wp-content/uploads/2021/05/Western-Union-638x700.jpg]
[www.rick-fairlamb.co.uk/portfolio/character-design/tracker-2/feed/index.html]
[www.rick-fairlamb.co.uk/wp-content/uploads/2016/08/Tracker-Character-Designs.jpg]
[www.rick-fairlamb.co.uk/portfolio/character-design/tracker-2/index.html]
[www.rick-fairlamb.co.uk/wp-content/uploads/2016/08/Tracker-Character-Designs-506x700.jpg]
[www.rick-fairlamb.co.uk/wp-content/uploads/2019/03/Fairytale-Castle.jpg]
[www.rick-fairlamb.co.uk/portfolio/illustration/fairytale-castle-illustration-for-norcon/feed/index.html]
[www.rick-fairlamb.co.uk/portfolio/illustration/fairytale-castle-illustration-for-norcon/index.html]
[www.rick-fairlamb.co.uk/index6316.html]
[www.rick-fairlamb.co.uk/wp-content/uploads/2018/12/Scrooge-at-Counting-Desk.jpg]
[www.rick-fairlamb.co.uk/wp-content/uploads/2019/03/Fairytale-Castle-845x700.jpg]
[www.rick-fairlamb.co.uk/wp-content/uploads/2018/10/DME1.jpg]
[www.rick-fairlamb.co.uk/portfolio/storyboards/dme-diabetic-macular-edema-concept-visuals/feed/index.html]
[www.rick-fairlamb.co.uk/portfolio/storyboards/dme-diabetic-macular-edema-concept-visuals/index.html]
[www.rick-fairlamb.co.uk/indexe862.html]
[www.rick-fairlamb.co.uk/wp-content/uploads/2018/10/DME1-501x700.jpg]
[www.rick-fairlamb.co.uk/portfolio/illustration/the-snow-queen/feed/index.html]
[www.rick-fairlamb.co.uk/wp-content/uploads/2018/02/Snow-Queen2018-amends.jpg]
[www.rick-fairlamb.co.uk/portfolio/illustration/the-snow-queen/index.html]
[www.rick-fairlamb.co.uk/wp-content/uploads/2018/02/Snow-Queen2018-amends-950x545.jpg]
[www.rick-fairlamb.co.uk/wp-content/uploads/2018/03/Jurys-Inn-01.jpg]
[www.rick-fairlamb.co.uk/portfolio/storyboards/jurys-inn/index.html]
[www.rick-fairlamb.co.uk/index7adf.html]
[www.rick-fairlamb.co.uk/portfolio/storyboards/jurys-inn/feed/index.html]
[www.rick-fairlamb.co.uk/portfolio/illustration/santa-flying-over-rooftops/feed/index.html]
[www.rick-fairlamb.co.uk/wp-content/uploads/2017/10/Santa-over-Rooftop.jpg]
[www.rick-fairlamb.co.uk/wp-content/uploads/2017/10/Santa-over-Rooftop-798x700.jpg]
[www.rick-fairlamb.co.uk/portfolio/illustration/santa-flying-over-rooftops/index.html]
[www.rick-fairlamb.co.uk/portfolio/character-design/ersula-and-jeradon-for-erthchronicles/feed/index.html]
[www.rick-fairlamb.co.uk/wp-content/uploads/2010/11/erth.jpg]
[www.rick-fairlamb.co.uk/portfolio/character-design/ersula-and-jeradon-for-erthchronicles/index.html]
[www.rick-fairlamb.co.uk/index0d26.html]
[www.rick-fairlamb.co.uk/wp-content/uploads/2010/11/erth-950x549.jpg]
[www.rick-fairlamb.co.uk/portfolio/the-great-fire-of-london/fighting-the-fire/feed/index.html]
[www.rick-fairlamb.co.uk/wp-content/uploads/2016/06/Fighting-the-Fire.jpg]
[www.rick-fairlamb.co.uk/portfolio/the-great-fire-of-london/fighting-the-fire/index.html]
[www.rick-fairlamb.co.uk/wp-content/uploads/2016/06/Fighting-the-Fire-787x700.jpg]
[www.rick-fairlamb.co.uk/wp-content/uploads/2017/05/TGFOL-Christopher-Wren-950x6821.jpg]
[www.rick-fairlamb.co.uk/portfolio/the-great-fire-of-london/wren-building-the-new-st-pauls-cathedral/index.html]
[www.rick-fairlamb.co.uk/index546c.html]
[www.rick-fairlamb.co.uk/portfolio/the-great-fire-of-london/wren-building-the-new-st-pauls-cathedral/feed/index.html]
[www.rick-fairlamb.co.uk/portfolio/storyboards/nivea-steven-gerrard-storyboard/feed/index.html]
[www.rick-fairlamb.co.uk/wp-content/uploads/2017/06/Nivea-Steven-Gerrard-Storyboard.jpg]
[www.rick-fairlamb.co.uk/portfolio/storyboards/nivea-steven-gerrard-storyboard/index.html]
[www.rick-fairlamb.co.uk/indexdb5c.html]
[www.rick-fairlamb.co.uk/wp-content/uploads/2017/06/Nivea-Steven-Gerrard-Storyboard-638x700.jpg]
[www.rick-fairlamb.co.uk/portfolio/illustration/the-bookshop/feed/index.html]
[www.rick-fairlamb.co.uk/wp-content/uploads/2012/10/The-Bookshop.jpg]
[www.rick-fairlamb.co.uk/portfolio/illustration/the-bookshop/index.html]
[www.rick-fairlamb.co.uk/wp-content/uploads/2012/10/The-Bookshop-950x668.jpg]
[www.rick-fairlamb.co.uk/portfolio/illustration/night-train/feed/index.html]
[www.rick-fairlamb.co.uk/wp-content/uploads/2016/05/Night-Train-s-upload1.jpg]
[www.rick-fairlamb.co.uk/portfolio/illustration/night-train/index.html]
[www.rick-fairlamb.co.uk/indexe897.html]
[www.rick-fairlamb.co.uk/wp-content/uploads/2016/05/Night-Train-s-upload1-950x671.jpg]
[www.rick-fairlamb.co.uk/portfolio/illustration/santa-waving/feed/index.html]
[www.rick-fairlamb.co.uk/wp-content/uploads/2017/10/Santa-waving1.jpg]
[www.rick-fairlamb.co.uk/portfolio/illustration/santa-waving/index.html]
[www.rick-fairlamb.co.uk/index3edb.html]
[www.rick-fairlamb.co.uk/indexbcfa.html]
[www.rick-fairlamb.co.uk/indexc60b.html]
[www.rick-fairlamb.co.uk/index1877.html]
[www.rick-fairlamb.co.uk/indexf651.html]
[www.rick-fairlamb.co.uk/indexcd86.html]
[www.rick-fairlamb.co.uk/indexf674.html]
[www.rick-fairlamb.co.uk/index6529.html]
[www.rick-fairlamb.co.uk/index8d87.html]
[www.rick-fairlamb.co.uk/wp-content/uploads/2017/10/Santa-waving1-633x700.jpg]
[www.rick-fairlamb.co.uk/sketchbook/lizards-frogs-and-goblins/feed/index.html]
[www.rick-fairlamb.co.uk/wp-content/uploads/2016/02/IMG_1825.jpg]
[www.rick-fairlamb.co.uk/sketchbook/lizards-frogs-and-goblins/index.html]
[www.rick-fairlamb.co.uk/indexe8a0.html]
[www.rick-fairlamb.co.uk/wp-content/uploads/2016/02/IMG_1825-933x700.jpg]
[www.rick-fairlamb.co.uk/portfolio/storyboards/marmite/feed/index.html]
[www.rick-fairlamb.co.uk/wp-content/uploads/2010/11/marmite.jpg]
[www.rick-fairlamb.co.uk/portfolio/storyboards/marmite/index.html]
[www.rick-fairlamb.co.uk/indexb5fb.html]
[www.rick-fairlamb.co.uk/wp-content/uploads/2011/08/morgana.html]
[www.rick-fairlamb.co.uk/wp-content/uploads/2011/08/morgana-950x510.html]
[www.rick-fairlamb.co.uk/wp-content/uploads/2010/11/marmite-950x579.jpg]
[www.rick-fairlamb.co.uk/category/homepage/feed/index.html]
[www.rick-fairlamb.co.uk/wp-content/uploads/2011/08/Night-Train-welcome-page2-310x150.jpg]
[www.rick-fairlamb.co.uk/category/homepage/index.html]
[www.rick-fairlamb.co.uk/homepage/welcome-3/index.html]
[www.rick-fairlamb.co.uk/wp-content/uploads/2009/09/close-shave3-310x150.jpg]
[www.rick-fairlamb.co.uk/homepage/welcome-3/feed/index.html]
[www.rick-fairlamb.co.uk/portfolio/storyboards/water-aid-storyboards/feed/index.html]
[www.rick-fairlamb.co.uk/wp-content/uploads/2024/01/Water-Aid-01.jpg]
[www.rick-fairlamb.co.uk/portfolio/storyboards/water-aid-storyboards/index.html]
[www.rick-fairlamb.co.uk/wp-content/uploads/2024/01/Water-Aid-01-583x700.jpg]
[www.rick-fairlamb.co.uk/portfolio/storyboards/sky-david-mitchell/feed/index.html]
[www.rick-fairlamb.co.uk/portfolio/storyboards/sky-david-mitchell/index.html]
[www.rick-fairlamb.co.uk/wp-content/uploads/2024/01/David-Mitchell-Sky-Comp.jpg]
[www.rick-fairlamb.co.uk/wp-content/uploads/2023/09/Shell-Visuals-2-crop.jpg]
[www.rick-fairlamb.co.uk/wp-content/uploads/2023/03/Neom-Comp-01s-crop1-310x150.jpg]
[www.rick-fairlamb.co.uk/wp-content/uploads/2023/03/Neom-Comp-02s-crop-310x150.html]
[www.rick-fairlamb.co.uk/portfolio/storyboards/aquarius-storyboard-1/feed/index.html]
[www.rick-fairlamb.co.uk/wp-content/uploads/2023/01/A-01.jpg]
[www.rick-fairlamb.co.uk/portfolio/storyboards/aquarius-storyboard-1/index.html]
[www.rick-fairlamb.co.uk/wp-content/uploads/2023/01/A-01-873x700.jpg]
[www.rick-fairlamb.co.uk/wp-content/uploads/2023/01/A-crop-310x150.html]
[www.rick-fairlamb.co.uk/wp-content/uploads/2022/09/Funding-Circle-Visual-310x150.html]
[www.rick-fairlamb.co.uk/portfolio/storyboards/ee-kevin-bacon-storyboard/feed/index.html]
[www.rick-fairlamb.co.uk/wp-content/uploads/2022/09/EE-Kevin-Bacon-Storyboard-s.jpg]
[www.rick-fairlamb.co.uk/portfolio/storyboards/ee-kevin-bacon-storyboard/index.html]
[www.rick-fairlamb.co.uk/wp-content/uploads/2022/09/EE-Kevin-Bacon-Storyboard-s-950x575.jpg]
[www.rick-fairlamb.co.uk/wp-content/uploads/2022/06/Blackberry1.jpg]
[www.rick-fairlamb.co.uk/portfolio/storyboards/blackberry-visual/index.html]
[www.rick-fairlamb.co.uk/portfolio/storyboards/blackberry-visual/feed/index.html]
[www.rick-fairlamb.co.uk/wp-content/uploads/2022/06/06.jpg]
[www.rick-fairlamb.co.uk/portfolio/storyboards/money-supermarket-zombie-storyboard-frame/feed/index.html]
[www.rick-fairlamb.co.uk/portfolio/storyboards/money-supermarket-zombie-storyboard-frame/index.html]
[www.rick-fairlamb.co.uk/wp-content/uploads/2022/06/06-950x469.jpg]
[www.rick-fairlamb.co.uk/portfolio/storyboards/ice-cream-day/feed/index.html]
[www.rick-fairlamb.co.uk/wp-content/uploads/2022/02/Ice-cream-Visual.jpg]
[www.rick-fairlamb.co.uk/portfolio/storyboards/ice-cream-day/index.html]
[www.rick-fairlamb.co.uk/wp-content/uploads/2022/02/Ice-cream-Visual-950x534.jpg]
[www.rick-fairlamb.co.uk/portfolio/storyboards/clarks-poster/feed/index.html]
[www.rick-fairlamb.co.uk/wp-content/uploads/2023/01/Clarks-poster-Sml.jpg]
[www.rick-fairlamb.co.uk/portfolio/storyboards/clarks-poster/index.html]
[www.rick-fairlamb.co.uk/wp-content/uploads/2023/01/Clarks-poster-Sml-492x700.jpg]
[www.rick-fairlamb.co.uk/portfolio/storyboards/garage-storyboard/feed/index.html]
[www.rick-fairlamb.co.uk/wp-content/uploads/2021/07/C-comp-2021.jpg]
[www.rick-fairlamb.co.uk/portfolio/storyboards/garage-storyboard/index.html]
[www.rick-fairlamb.co.uk/wp-content/uploads/2021/07/C-comp-2021-794x700.jpg]
[www.rick-fairlamb.co.uk/portfolio/storyboards/tech-showroom/feed/index.html]
[www.rick-fairlamb.co.uk/wp-content/uploads/2021/05/Tech-showroom.jpg]
[www.rick-fairlamb.co.uk/portfolio/storyboards/tech-showroom/index.html]
[www.rick-fairlamb.co.uk/wp-content/uploads/2021/05/Tech-showroom-950x671.jpg]
[www.rick-fairlamb.co.uk/portfolio/storyboards/skater-boys/feed/index.html]
[www.rick-fairlamb.co.uk/wp-content/uploads/2021/05/Skater-boys.jpg]
[www.rick-fairlamb.co.uk/portfolio/storyboards/skater-boys/index.html]
[www.rick-fairlamb.co.uk/wp-content/uploads/2021/05/Skater-boys-950x518.jpg]
[www.rick-fairlamb.co.uk/wp-content/uploads/2021/05/Dynamic-Frames-2021.jpg]
[www.rick-fairlamb.co.uk/portfolio/storyboards/dynamic-storyboard-frames/feed/index.html]
[www.rick-fairlamb.co.uk/portfolio/storyboards/dynamic-storyboard-frames/index.html]
[www.rick-fairlamb.co.uk/wp-content/uploads/2021/05/Dynamic-Frames-2021-950x698.jpg]
[www.rick-fairlamb.co.uk/portfolio/storyboards/city-element/feed/index.html]
[www.rick-fairlamb.co.uk/wp-content/uploads/2012/04/City-Element-Storyboard-01.jpg]
[www.rick-fairlamb.co.uk/portfolio/storyboards/city-element/index.html]
[www.rick-fairlamb.co.uk/wp-content/uploads/2012/04/City-Element-Storyboard-01-494x700.jpg]
[www.rick-fairlamb.co.uk/wp-content/uploads/2021/01/History-channel.jpg]
[www.rick-fairlamb.co.uk/portfolio/storyboards/history-channel-illustration/feed/index.html]
[www.rick-fairlamb.co.uk/portfolio/storyboards/history-channel-illustration/index.html]
[www.rick-fairlamb.co.uk/wp-content/uploads/2021/01/History-channel-950x534.jpg]
[www.rick-fairlamb.co.uk/wp-content/uploads/2021/01/Three-5G-crop.jpg]
[www.rick-fairlamb.co.uk/wp-content/uploads/2021/05/Western-Union-crop-3.jpg]
[www.rick-fairlamb.co.uk/wp-content/uploads/2020/01/Swinton-Big-Babies-fB-310x150.jpg]
[www.rick-fairlamb.co.uk/wp-content/uploads/2019/09/R-Jupload-310x150.jpg]
[www.rick-fairlamb.co.uk/wp-content/uploads/2019/09/Couple-upload-310x150.jpg]
[www.rick-fairlamb.co.uk/wp-content/uploads/2019/09/Bowling-upload-310x150.jpg]
[www.rick-fairlamb.co.uk/wp-content/uploads/2019/09/Glastonburyupload-310x150.jpg]
[www.rick-fairlamb.co.uk/wp-content/uploads/2021/05/Tresemme-crop.jpg]
[www.rick-fairlamb.co.uk/wp-content/uploads/2019/03/D-04-310x150.jpg]
[www.rick-fairlamb.co.uk/wp-content/uploads/2019/03/Guinness-crop-310x150.jpg]
[www.rick-fairlamb.co.uk/wp-content/uploads/2019/03/Genentech-RPDS-Concept-Future-Woman-310x150.jpg]
[www.rick-fairlamb.co.uk/wp-content/uploads/2018/10/DME-crop-21-310x150.jpg]
[www.rick-fairlamb.co.uk/wp-content/uploads/2018/10/Party-310x150.jpg]
[www.rick-fairlamb.co.uk/wp-content/uploads/2018/10/Bushmills-compcrop-310x150.jpg]
[www.rick-fairlamb.co.uk/wp-content/uploads/2018/07/Jaws-Poster-Wrigleys-Extracrop-310x150.jpg]
[www.rick-fairlamb.co.uk/wp-content/uploads/2018/07/Clarks-Style-Shots-01-310x150.jpg]
[www.rick-fairlamb.co.uk/wp-content/uploads/2018/04/Coca-Cola-01-crop-310x150.jpg]
[www.rick-fairlamb.co.uk/wp-content/uploads/2018/03/James-Corden-BT-Poster-01-310x150.jpg]
[www.rick-fairlamb.co.uk/wp-content/uploads/2018/03/Mars-Teasers-crop-310x150.jpg]
[www.rick-fairlamb.co.uk/wp-content/uploads/2018/03/Jurys-Inn-p-2-crop-310x150.jpg]
[www.rick-fairlamb.co.uk/wp-content/uploads/2018/03/Jurys-Inn-01-Crop-310x150.jpg]
[www.rick-fairlamb.co.uk/wp-content/uploads/2018/01/Stork-3crop-310x150.jpg]
[www.rick-fairlamb.co.uk/wp-content/uploads/2017/11/Sky-Idris-Elba-crop-310x150.jpg]
[www.rick-fairlamb.co.uk/wp-content/uploads/2010/11/desperados-crop-310x150.jpg]
[www.rick-fairlamb.co.uk/category/portfolio/storyboards/page/2/index.html]
[www.rick-fairlamb.co.uk/index1e06.html]
[www.rick-fairlamb.co.uk/index8bf0.html]
[www.rick-fairlamb.co.uk/index5e48.html]
[www.rick-fairlamb.co.uk/wp-content/uploads/2014/04/Jack-in-the-Green1.jpg]
[www.rick-fairlamb.co.uk/portfolio/illustration/jack-in-the-green-2/index.html]
[www.rick-fairlamb.co.uk/wp-content/uploads/2014/04/Jack-in-the-Green1-496x700.jpg]
[www.rick-fairlamb.co.uk/index067e.html]
[www.rick-fairlamb.co.uk/index1e9b.html]
[www.rick-fairlamb.co.uk/portfolio/illustration/jack-in-the-green-2/feed/index.html]
[www.rick-fairlamb.co.uk/wp-content/uploads/2023/01/War-of-the-Worlds-crop-On-Primrose-Hill-Illustration1-310x150.jpg]
[www.rick-fairlamb.co.uk/category/portfolio/illustration/feed/index.html]
[www.rick-fairlamb.co.uk/wp-content/uploads/2014/04/Jack-in-the-Green-Crop-310x150.jpg]
[www.rick-fairlamb.co.uk/wp-content/uploads/2023/01/Genentech-concept-310x150.jpg]
[www.rick-fairlamb.co.uk/wp-content/uploads/2023/01/The-War-of-the-Worlds-In-the-Stormcrop1-310x150.jpg]
[www.rick-fairlamb.co.uk/wp-content/uploads/2022/11/Mountain-310x150.jpg]
[www.rick-fairlamb.co.uk/wp-content/uploads/2021/12/Motor-museum-fin-Illustration-01-2020-310x150.jpg]
[www.rick-fairlamb.co.uk/wp-content/uploads/2021/07/The-Stone-Saxons-frame-15-310x150.jpg]
[www.rick-fairlamb.co.uk/wp-content/uploads/2021/07/The-Stone-saxons-012-310x150.jpg]
[www.rick-fairlamb.co.uk/wp-content/uploads/2021/07/The-Stone-Saxons-04crop-310x150.jpg]
[www.rick-fairlamb.co.uk/wp-content/uploads/2019/03/Fairytale-Castle-310x150.jpg]
[www.rick-fairlamb.co.uk/wp-content/uploads/2016/08/Mariellas-Adventure-begins-facebook-310x150.jpg]
[www.rick-fairlamb.co.uk/wp-content/uploads/2018/01/Santa-Train-310x150.jpg]
[www.rick-fairlamb.co.uk/wp-content/uploads/2018/03/Trading-Spaces-upload-310x150.jpg]
[www.rick-fairlamb.co.uk/wp-content/uploads/2018/02/Snow-Queen2018-amends-310x150.jpg]
[www.rick-fairlamb.co.uk/wp-content/uploads/2018/02/Mystery-garden-crop--310x150.jpg]
[www.rick-fairlamb.co.uk/wp-content/uploads/2018/09/Dr.-Who-Davros-Return-310x150.jpg]
[www.rick-fairlamb.co.uk/wp-content/uploads/2017/12/Scrooges-and-the-Ghost-of-Christmas-Past-310x150.jpg]
[www.rick-fairlamb.co.uk/wp-content/uploads/2017/10/Santa-over-Rooftop-crop-310x150.jpg]
[www.rick-fairlamb.co.uk/wp-content/uploads/2016/08/The-Room-310x150.jpg]
[www.rick-fairlamb.co.uk/wp-content/uploads/2017/03/Time-Tripscrop-310x150.jpg]
[www.rick-fairlamb.co.uk/wp-content/uploads/2017/10/P-310x150.jpg]
[www.rick-fairlamb.co.uk/wp-content/uploads/2016/12/Reveal1-310x150.jpg]
[www.rick-fairlamb.co.uk/wp-content/uploads/2017/10/British-Fleet-1666-456x700-310x150.jpg]
[www.rick-fairlamb.co.uk/wp-content/uploads/2012/12/Snowgirl-310x150.jpg]
[www.rick-fairlamb.co.uk/category/portfolio/illustration/index.html]
[www.rick-fairlamb.co.uk/wp-content/uploads/2018/09/Elphie-Character-designs.jpg]
[www.rick-fairlamb.co.uk/portfolio/character-design/elphie-character-designs/index.html]
[www.rick-fairlamb.co.uk/wp-content/uploads/2018/09/Elphie-Character-designs-495x700.jpg]
[www.rick-fairlamb.co.uk/index01aa.html]
[www.rick-fairlamb.co.uk/portfolio/character-design/elphie-character-designs/feed/index.html]
[www.rick-fairlamb.co.uk/category/portfolio/character-design/feed/index.html]
[www.rick-fairlamb.co.uk/wp-content/uploads/2023/01/Nintendo-Tree-Character-Designs-310x150.jpg]
[www.rick-fairlamb.co.uk/wp-content/uploads/2018/09/Elphie-Character-designscrop-310x150.jpg]
[www.rick-fairlamb.co.uk/wp-content/uploads/2018/09/Elphie-Character-design-02crop-310x150.jpg]
[www.rick-fairlamb.co.uk/wp-content/uploads/2023/01/War-of-the-Worlds-Tripod-designscrop-310x150.jpg]
[www.rick-fairlamb.co.uk/wp-content/uploads/2022/05/Astro-smlcrop-310x150.jpg]
[www.rick-fairlamb.co.uk/wp-content/uploads/2023/01/Spidermen-Character-sketches-310x150.jpg]
[www.rick-fairlamb.co.uk/wp-content/uploads/2016/08/Tracker-Character-Designs-crop-310x150.jpg]
[www.rick-fairlamb.co.uk/wp-content/uploads/2010/11/erth-310x150.jpg]
[www.rick-fairlamb.co.uk/wp-content/uploads/2015/09/Nige-Sketch-crop-310x150.jpg]
[www.rick-fairlamb.co.uk/wp-content/uploads/2013/03/Monumancrop1-310x150.jpg]
[www.rick-fairlamb.co.uk/wp-content/uploads/2013/07/Engine-head-Charcater-Designs-s-310x150.jpg]
[www.rick-fairlamb.co.uk/category/portfolio/character-design/index.html]
[www.rick-fairlamb.co.uk/indexadf1.html]
[www.rick-fairlamb.co.uk/wp-content/uploads/2011/12/Alien-Princess-Holo-Petcrop-2-310x150.jpg]
[www.rick-fairlamb.co.uk/wp-content/uploads/2023/01/Astro-sml.jpg]
[www.rick-fairlamb.co.uk/portfolio/character-design/astro-2/feed/index.html]
[www.rick-fairlamb.co.uk/portfolio/character-design/astro-2/index.html]
[www.rick-fairlamb.co.uk/indexb3c5.html]
[www.rick-fairlamb.co.uk/wp-content/uploads/2023/01/Astro-sml-917x700.jpg]
[www.rick-fairlamb.co.uk/portfolio/illustration/mountain-presentation-visual/feed/index.html]
[www.rick-fairlamb.co.uk/wp-content/uploads/2022/11/Mountain.jpg]
[www.rick-fairlamb.co.uk/portfolio/illustration/mountain-presentation-visual/index.html]
[www.rick-fairlamb.co.uk/index6122.html]
[www.rick-fairlamb.co.uk/index66ae.html]
[www.rick-fairlamb.co.uk/wp-content/uploads/2022/11/Mountain-950x551.jpg]
[www.rick-fairlamb.co.uk/portfolio/storyboards/romeo-and-juliet/feed/index.html]
[www.rick-fairlamb.co.uk/wp-content/uploads/2019/09/R-Jupload.jpg]
[www.rick-fairlamb.co.uk/portfolio/storyboards/romeo-and-juliet/index.html]
[www.rick-fairlamb.co.uk/indexb05d.html]
[www.rick-fairlamb.co.uk/wp-content/uploads/2019/09/R-Jupload-950x534.jpg]
[www.rick-fairlamb.co.uk/portfolio/storyboards/three-5g-storyboard/feed/index.html]
[www.rick-fairlamb.co.uk/wp-content/uploads/2021/01/Three-5G.jpg]
[www.rick-fairlamb.co.uk/portfolio/storyboards/three-5g-storyboard/index.html]
[www.rick-fairlamb.co.uk/index70a3.html]
[www.rick-fairlamb.co.uk/indexb622.html]
[www.rick-fairlamb.co.uk/wp-content/uploads/2021/01/Three-5G-762x700.jpg]
[www.rick-fairlamb.co.uk/portfolio/character-design/spiderman-character-sketches/feed/index.html]
[www.rick-fairlamb.co.uk/wp-content/uploads/2023/01/Spidermen-Character-sketches.jpg]
[www.rick-fairlamb.co.uk/portfolio/character-design/spiderman-character-sketches/index.html]
[www.rick-fairlamb.co.uk/wp-content/uploads/2023/01/Spidermen-Character-sketches-494x700.jpg]
[www.rick-fairlamb.co.uk/portfolio/storyboards/genentech-rpds-concept-future-woman/feed/index.html]
[www.rick-fairlamb.co.uk/wp-content/uploads/2019/03/Genentech-RPDS-Concept-Future-Woman.jpg]
[www.rick-fairlamb.co.uk/portfolio/storyboards/genentech-rpds-concept-future-woman/index.html]
[www.rick-fairlamb.co.uk/index908d.html]
[www.rick-fairlamb.co.uk/wp-content/uploads/2019/03/Genentech-RPDS-Concept-Future-Woman-950x671.jpg]
[www.rick-fairlamb.co.uk/portfolio/illustration/the-stone-saxons/feed/index.html]
[www.rick-fairlamb.co.uk/wp-content/uploads/2021/07/The-Stone-Saxons-04.jpg]
[www.rick-fairlamb.co.uk/portfolio/illustration/the-stone-saxons/index.html]
[www.rick-fairlamb.co.uk/wp-content/uploads/2021/07/The-Stone-Saxons-04-950x558.jpg]
[www.rick-fairlamb.co.uk/portfolio/illustration/mariellas-adventure-begins/feed/index.html]
[www.rick-fairlamb.co.uk/wp-content/uploads/2016/08/Mariellas-Adventure-begins-facebook.jpg]
[www.rick-fairlamb.co.uk/portfolio/illustration/mariellas-adventure-begins/index.html]
[www.rick-fairlamb.co.uk/wp-content/uploads/2016/08/Mariellas-Adventure-begins-facebook-950x691.jpg]
[www.rick-fairlamb.co.uk/portfolio/storyboards/roof-party/feed/index.html]
[www.rick-fairlamb.co.uk/wp-content/uploads/2018/10/Party.jpg]
[www.rick-fairlamb.co.uk/portfolio/storyboards/roof-party/index.html]
[www.rick-fairlamb.co.uk/index039c.html]
[www.rick-fairlamb.co.uk/wp-content/uploads/2018/10/Party-950x466.jpg]
[www.rick-fairlamb.co.uk/portfolio/illustration/mystery-garden/feed/index.html]
[www.rick-fairlamb.co.uk/wp-content/uploads/2018/09/Mystery-garden-.jpg]
[www.rick-fairlamb.co.uk/portfolio/illustration/mystery-garden/index.html]
[www.rick-fairlamb.co.uk/index9fc3.html]
[www.rick-fairlamb.co.uk/portfolio/illustration/trading-spaces/feed/index.html]
[www.rick-fairlamb.co.uk/portfolio/illustration/trading-spaces/index.html]
[www.rick-fairlamb.co.uk/wp-content/uploads/2018/03/Trading-Spaces-upload.jpg]
[www.rick-fairlamb.co.uk/portfolio/storyboards/jurys-inn-page-2/feed/index.html]
[www.rick-fairlamb.co.uk/portfolio/storyboards/jurys-inn-page-2/index.html]
[www.rick-fairlamb.co.uk/index43c4.html]
[www.rick-fairlamb.co.uk/wp-content/uploads/2018/03/Jurys-Inn-021.jpg]
[www.rick-fairlamb.co.uk/portfolio/storyboards/swinton-stork-storyboard/feed/index.html]
[www.rick-fairlamb.co.uk/wp-content/uploads/2017/06/Swinton-s.jpg]
[www.rick-fairlamb.co.uk/portfolio/storyboards/swinton-stork-storyboard/index.html]
[www.rick-fairlamb.co.uk/wp-content/uploads/2017/06/Swinton-s-950x680.jpg]
[www.rick-fairlamb.co.uk/portfolio/illustration/the-room/feed/index.html]
[www.rick-fairlamb.co.uk/wp-content/uploads/2016/08/The-Room.jpg]
[www.rick-fairlamb.co.uk/portfolio/illustration/the-room/index.html]
[www.rick-fairlamb.co.uk/index5755.html]
[www.rick-fairlamb.co.uk/wp-content/uploads/2016/08/The-Room-950x671.jpg]
[www.rick-fairlamb.co.uk/wp-content/uploads/2017/12/Scrooges-and-the-Ghost-of-Christmas-Past.jpg]
[www.rick-fairlamb.co.uk/portfolio/illustration/scrooge-and-the-ghost-of-christmas-past/feed/index.html]
[www.rick-fairlamb.co.uk/portfolio/illustration/scrooge-and-the-ghost-of-christmas-past/index.html]
[www.rick-fairlamb.co.uk/wp-content/uploads/2017/12/Scrooges-and-the-Ghost-of-Christmas-Past-532x700.jpg]
[www.rick-fairlamb.co.uk/portfolio/storyboards/lottery/feed/index.html]
[www.rick-fairlamb.co.uk/wp-content/uploads/2018/01/Lottery1.jpg]
[www.rick-fairlamb.co.uk/portfolio/storyboards/lottery/index.html]
[www.rick-fairlamb.co.uk/index74e6.html]
[www.rick-fairlamb.co.uk/wp-content/uploads/2018/01/Lottery1-622x700.jpg]
[www.rick-fairlamb.co.uk/portfolio/character-design/nige-boxer-character-design/feed/index.html]
[www.rick-fairlamb.co.uk/wp-content/uploads/2018/09/Nige-Sketch.jpg]
[www.rick-fairlamb.co.uk/portfolio/character-design/nige-boxer-character-design/index.html]
[www.rick-fairlamb.co.uk/index3e78.html]
[www.rick-fairlamb.co.uk/wp-content/uploads/2018/09/Nige-Sketch-950x657.jpg]
[www.rick-fairlamb.co.uk/wp-content/uploads/2015/11/TGFOL-Promo-310x150.jpg]
[www.rick-fairlamb.co.uk/category/portfolio/the-great-fire-of-london/feed/index.html]
[www.rick-fairlamb.co.uk/wp-content/uploads/2017/05/TGFOL-Christopher-Wren-950x6821-310x150.jpg]
[www.rick-fairlamb.co.uk/wp-content/uploads/2016/06/Fighting-the-Fire-310x150.jpg]
[www.rick-fairlamb.co.uk/wp-content/uploads/2015/09/London-1666-Morning-of-Fire-cropContents-Pages-310x150.jpg]
[www.rick-fairlamb.co.uk/wp-content/uploads/2015/09/London-Morning-s-310x150.jpg]
[www.rick-fairlamb.co.uk/wp-content/uploads/2015/09/Pudding-Lane-the-day-of-the-fire-crop-310x150.jpg]
[www.rick-fairlamb.co.uk/wp-content/uploads/2015/09/People-heading-for-Londons-fields-crop-310x150.jpg]
[www.rick-fairlamb.co.uk/wp-content/uploads/2015/09/Charles-Wren-Plan-new-London-crop-2-310x150.jpg]
[www.rick-fairlamb.co.uk/wp-content/uploads/2015/09/The-Plague-16653-906x7002-310x150.jpg]
[www.rick-fairlamb.co.uk/wp-content/uploads/2015/09/Thomas-Farriners-Servant-crop-310x150.jpg]
[www.rick-fairlamb.co.uk/wp-content/uploads/2015/09/British-Fleet-1666-456x700s-310x150.jpg]
[www.rick-fairlamb.co.uk/wp-content/uploads/2015/09/Farriners-escaping-the-fire-crop-310x150.jpg]
[www.rick-fairlamb.co.uk/wp-content/uploads/2015/09/Old-St-Pauls-Cathedral-on-fire1-310x150.jpg]
[www.rick-fairlamb.co.uk/wp-content/uploads/2015/09/Samuel-Pepys-Belongings-s-crop-310x150.jpg]
[www.rick-fairlamb.co.uk/wp-content/uploads/2015/09/London-Southbank-s-310x150.jpg]
[www.rick-fairlamb.co.uk/wp-content/uploads/2015/09/London-homes-fb-310x150.jpg]
[www.rick-fairlamb.co.uk/wp-content/uploads/2017/10/London-Refugees-s1-310x150.jpg]
[www.rick-fairlamb.co.uk/category/portfolio/the-great-fire-of-london/index.html]
[www.rick-fairlamb.co.uk/wp-content/uploads/2017/10/King-Charles-II-observing-the-Firecrop-310x150.jpg]
[www.rick-fairlamb.co.uk/wp-content/uploads/2015/09/London-1666-Dawn1.jpg]
[www.rick-fairlamb.co.uk/wp-content/uploads/2015/09/London-1666-Dawn1-908x700.jpg]
[www.rick-fairlamb.co.uk/portfolio/the-great-fire-of-london/london-1666-dawn-of-the-fire/index.html]
[www.rick-fairlamb.co.uk/portfolio/the-great-fire-of-london/london-1666-dawn-of-the-fire/feed/index.html]
[www.rick-fairlamb.co.uk/portfolio/storyboards/heathrow-frames-1-2/feed/index.html]
[www.rick-fairlamb.co.uk/wp-content/uploads/2016/08/h-01-comp.jpg]
[www.rick-fairlamb.co.uk/portfolio/storyboards/heathrow-frames-1-2/index.html]
[www.rick-fairlamb.co.uk/index2d8c.html]
[www.rick-fairlamb.co.uk/wp-content/uploads/2016/08/h-01-comp-561x700.jpg]
[www.rick-fairlamb.co.uk/portfolio/the-great-fire-of-london/the-great-fire-of-london-out-now/feed/index.html]
[www.rick-fairlamb.co.uk/wp-content/uploads/2015/11/TGFOL-Promo.jpg]
[www.rick-fairlamb.co.uk/portfolio/the-great-fire-of-london/the-great-fire-of-london-out-now/index.html]
[www.rick-fairlamb.co.uk/wp-content/uploads/2015/11/TGFOL-Promo-950x671.jpg]
[www.rick-fairlamb.co.uk/portfolio/storyboards/drench-water/feed/index.html]
[www.rick-fairlamb.co.uk/wp-content/uploads/2010/11/drench-water-clever-goldfish.jpg]
[www.rick-fairlamb.co.uk/portfolio/storyboards/drench-water/index.html]
[www.rick-fairlamb.co.uk/index9178.html]
[www.rick-fairlamb.co.uk/wp-content/uploads/2010/11/drench-water-clever-goldfish-492x700.jpg]
[www.rick-fairlamb.co.uk/portfolio/illustration/goblin-garden/feed/index.html]
[www.rick-fairlamb.co.uk/wp-content/uploads/2016/04/Goblin-Garden1.jpg]
[www.rick-fairlamb.co.uk/portfolio/illustration/goblin-garden/index.html]
[www.rick-fairlamb.co.uk/index8c3c.html]
[www.rick-fairlamb.co.uk/wp-content/uploads/2016/04/Goblin-Garden1-950x671.jpg]
[www.rick-fairlamb.co.uk/portfolio/illustration/racers-3/feed/index.html]
[www.rick-fairlamb.co.uk/wp-content/uploads/2016/06/Racers-s.jpg]
[www.rick-fairlamb.co.uk/portfolio/illustration/racers-3/index.html]
[www.rick-fairlamb.co.uk/index31b1.html]
[www.rick-fairlamb.co.uk/wp-content/uploads/2016/06/Racers-s-950x671.jpg]
[www.rick-fairlamb.co.uk/portfolio/illustration/the-tower-2/feed/index.html]
[www.rick-fairlamb.co.uk/wp-content/uploads/2016/02/The-Tower-website1.jpg]
[www.rick-fairlamb.co.uk/portfolio/illustration/the-tower-2/index.html]
[www.rick-fairlamb.co.uk/index8729.html]
[www.rick-fairlamb.co.uk/wp-content/uploads/2016/02/The-Tower-website1-494x700.jpg]
[www.rick-fairlamb.co.uk/wp-content/uploads/2016/10/Metropolis.jpg]
[www.rick-fairlamb.co.uk/portfolio/illustration/metropolis/index.html]
[www.rick-fairlamb.co.uk/index02d1.html]
[www.rick-fairlamb.co.uk/portfolio/illustration/metropolis/feed/index.html]
[www.rick-fairlamb.co.uk/portfolio/storyboards/dunlop/index.html]
[www.rick-fairlamb.co.uk/index6b36.html]
[www.rick-fairlamb.co.uk/portfolio/storyboards/dunlop/feed/index.html]
[www.rick-fairlamb.co.uk/portfolio/storyboards/chase/feed/index.html]
[www.rick-fairlamb.co.uk/wp-content/uploads/2011/11/CHASE.jpg]
[www.rick-fairlamb.co.uk/portfolio/storyboards/chase/index.html]
[www.rick-fairlamb.co.uk/wp-content/uploads/2011/11/CHASE-950x671.jpg]
[www.rick-fairlamb.co.uk/portfolio/storyboards/james-bond-die-another-day-mood-boards/feed/index.html]
[www.rick-fairlamb.co.uk/wp-content/uploads/2013/03/James-Bond-Die-Another-Day-Mood-Boards.jpg]
[www.rick-fairlamb.co.uk/portfolio/storyboards/james-bond-die-another-day-mood-boards/index.html]
[www.rick-fairlamb.co.uk/indexb988.html]
[www.rick-fairlamb.co.uk/index09c6.html]
[www.rick-fairlamb.co.uk/index3f38.html]
[www.rick-fairlamb.co.uk/wp-content/uploads/2013/03/James-Bond-Die-Another-Day-Mood-Boards-599x700.jpg]
[www.rick-fairlamb.co.uk/portfolio/storyboards/shell-visuals-2/feed/index.html]
[www.rick-fairlamb.co.uk/wp-content/uploads/2023/09/Shell-Visuals-2.jpg]
[www.rick-fairlamb.co.uk/portfolio/storyboards/shell-visuals-2/index.html]
[www.rick-fairlamb.co.uk/wp-content/uploads/2023/09/Shell-Visuals-2-606x700.jpg]
[www.rick-fairlamb.co.uk/wp-content/uploads/2023/09/Shell-Visuals-1-crop.jpg]
[www.rick-fairlamb.co.uk/portfolio/storyboards/neom-storyboard-2/feed/index.html]
[www.rick-fairlamb.co.uk/portfolio/storyboards/neom-storyboard-2/index.html]
[www.rick-fairlamb.co.uk/index0d00.html]
[www.rick-fairlamb.co.uk/index6734.html]
[www.rick-fairlamb.co.uk/indexfb91.html]
[www.rick-fairlamb.co.uk/indexb808.html]
[www.rick-fairlamb.co.uk/index4f03.html]
[www.rick-fairlamb.co.uk/wp-content/uploads/2023/03/Neom-Comp-02s.jpg]
[www.rick-fairlamb.co.uk/portfolio/illustration/boundless-magazine-christmas-illustration/feed/index.html]
[www.rick-fairlamb.co.uk/wp-content/uploads/2021/12/Motor-museum-fin-Illustration-01-2020.jpg]
[www.rick-fairlamb.co.uk/portfolio/illustration/boundless-magazine-christmas-illustration/index.html]
[www.rick-fairlamb.co.uk/index3cb6.html]
[www.rick-fairlamb.co.uk/index91a1.html]
[www.rick-fairlamb.co.uk/indexd69f.html]
[www.rick-fairlamb.co.uk/index3af2.html]
[www.rick-fairlamb.co.uk/indexc3ad.html]
[www.rick-fairlamb.co.uk/index4fb0.html]
[www.rick-fairlamb.co.uk/index78e5.html]
[www.rick-fairlamb.co.uk/wp-content/uploads/2021/12/Motor-museum-fin-Illustration-01-2020-950x671.jpg]
[www.rick-fairlamb.co.uk/portfolio/storyboards/uptight-couple/feed/index.html]
[www.rick-fairlamb.co.uk/wp-content/uploads/2019/09/Couple-upload.jpg]
[www.rick-fairlamb.co.uk/portfolio/storyboards/uptight-couple/index.html]
[www.rick-fairlamb.co.uk/wp-content/uploads/2019/09/Couple-upload-950x534.jpg]
[www.rick-fairlamb.co.uk/wp-content/uploads/2019/09/Bowling-upload.jpg]
[www.rick-fairlamb.co.uk/portfolio/storyboards/bowling-on-a-budget/feed/index.html]
[www.rick-fairlamb.co.uk/portfolio/storyboards/bowling-on-a-budget/index.html]
[www.rick-fairlamb.co.uk/wp-content/uploads/2019/09/Bowling-upload-950x534.jpg]
[www.rick-fairlamb.co.uk/portfolio/storyboards/glastonbury/feed/index.html]
[www.rick-fairlamb.co.uk/wp-content/uploads/2019/09/Glastonburyupload.jpg]
[www.rick-fairlamb.co.uk/portfolio/storyboards/glastonbury/index.html]
[www.rick-fairlamb.co.uk/wp-content/uploads/2019/09/Glastonburyupload-950x534.jpg]
[www.rick-fairlamb.co.uk/portfolio/storyboards/tresemme-shooting-board/feed/index.html]
[www.rick-fairlamb.co.uk/wp-content/uploads/2021/05/Tresemme.jpg]
[www.rick-fairlamb.co.uk/wp-content/uploads/2021/05/Tresemme-866x700.jpg]
[www.rick-fairlamb.co.uk/portfolio/storyboards/tresemme-shooting-board/index.html]
[www.rick-fairlamb.co.uk/portfolio/storyboards/dme-concept-visual/feed/index.html]
[www.rick-fairlamb.co.uk/wp-content/uploads/2019/03/D-04.jpg]
[www.rick-fairlamb.co.uk/portfolio/storyboards/dme-concept-visual/index.html]
[www.rick-fairlamb.co.uk/wp-content/uploads/2019/03/D-04-950x671.jpg]
[www.rick-fairlamb.co.uk/wp-content/uploads/2019/03/Guinness.jpg]
[www.rick-fairlamb.co.uk/portfolio/storyboards/guinness-2/feed/index.html]
[www.rick-fairlamb.co.uk/portfolio/storyboards/guinness-2/index.html]
[www.rick-fairlamb.co.uk/wp-content/uploads/2019/03/Guinness-950x671.jpg]
[www.rick-fairlamb.co.uk/portfolio/storyboards/bushmills-concepts/feed/index.html]
[www.rick-fairlamb.co.uk/wp-content/uploads/2018/10/Bushmills-comp.jpg]
[www.rick-fairlamb.co.uk/portfolio/storyboards/bushmills-concepts/index.html]
[www.rick-fairlamb.co.uk/wp-content/uploads/2018/10/Bushmills-comp-482x700.jpg]
[www.rick-fairlamb.co.uk/portfolio/storyboards/jaws-poster-wrigleys-extra/feed/index.html]
[www.rick-fairlamb.co.uk/wp-content/uploads/2018/07/Jaws-Poster-Wrigleys-Extra.jpg]
[www.rick-fairlamb.co.uk/portfolio/storyboards/jaws-poster-wrigleys-extra/index.html]
[www.rick-fairlamb.co.uk/wp-content/uploads/2018/07/Jaws-Poster-Wrigleys-Extra-494x700.jpg]
[www.rick-fairlamb.co.uk/portfolio/storyboards/clarks-style-shots/feed/index.html]
[www.rick-fairlamb.co.uk/wp-content/uploads/2018/07/Clarks-Style-Shots-01.jpg]
[www.rick-fairlamb.co.uk/portfolio/storyboards/clarks-style-shots/index.html]
[www.rick-fairlamb.co.uk/wp-content/uploads/2018/07/Clarks-Style-Shots-01-950x671.jpg]
[www.rick-fairlamb.co.uk/portfolio/storyboards/coca-cola-subway-animatic-frames/feed/index.html]
[www.rick-fairlamb.co.uk/portfolio/storyboards/coca-cola-subway-animatic-frames/index.html]
[www.rick-fairlamb.co.uk/wp-content/uploads/2018/04/Coca-Cola-01.jpg]
[www.rick-fairlamb.co.uk/wp-content/uploads/2018/03/James-Corden-BT-Poster-01.jpg]
[www.rick-fairlamb.co.uk/portfolio/storyboards/james-corden-bt-poster/index.html]
[www.rick-fairlamb.co.uk/portfolio/storyboards/james-corden-bt-poster/feed/index.html]
[www.rick-fairlamb.co.uk/portfolio/storyboards/mars-teasers-storyboard/feed/index.html]
[www.rick-fairlamb.co.uk/wp-content/uploads/2018/03/Mars-Teasers.jpg]
[www.rick-fairlamb.co.uk/portfolio/storyboards/mars-teasers-storyboard/index.html]
[www.rick-fairlamb.co.uk/wp-content/uploads/2018/03/Mars-Teasers-641x700.jpg]
[www.rick-fairlamb.co.uk/wp-content/uploads/2017/11/Sky-Idris-Elba.jpg]
[www.rick-fairlamb.co.uk/portfolio/storyboards/sky-idris-elba/feed/index.html]
[www.rick-fairlamb.co.uk/portfolio/storyboards/sky-idris-elba/index.html]
[www.rick-fairlamb.co.uk/wp-content/uploads/2017/11/Sky-Idris-Elba-950x670.jpg]
[www.rick-fairlamb.co.uk/portfolio/storyboards/desperados/feed/index.html]
[www.rick-fairlamb.co.uk/wp-content/uploads/2010/11/desperados-beer.jpg]
[www.rick-fairlamb.co.uk/portfolio/storyboards/desperados/index.html]
[www.rick-fairlamb.co.uk/wp-content/uploads/2010/11/desperados-beer-618x700.jpg]
[www.rick-fairlamb.co.uk/wp-content/uploads/2018/01/Lottery-crop-310x150.jpg]
[www.rick-fairlamb.co.uk/wp-content/uploads/2017/06/London-Memories-310x150.jpg]
[www.rick-fairlamb.co.uk/wp-content/uploads/2017/06/sf-a-660x700crop-310x150.jpg]
[www.rick-fairlamb.co.uk/wp-content/uploads/2017/06/Halifax-Toy-Story-Top-Cat-s-310x150.jpg]
[www.rick-fairlamb.co.uk/wp-content/uploads/2016/08/h-02-comp-crop-310x150.jpg]
[www.rick-fairlamb.co.uk/wp-content/uploads/2016/08/h-01-comp-crop-01-310x150.jpg]
[www.rick-fairlamb.co.uk/wp-content/uploads/2017/06/Nivea-Steven-Gerrard-Storyboard-crop-310x150.jpg]
[www.rick-fairlamb.co.uk/wp-content/uploads/2010/11/drench-watercrop-310x150.jpg]
[www.rick-fairlamb.co.uk/wp-content/uploads/2010/12/sf-bcrop-310x150.jpg]
[www.rick-fairlamb.co.uk/wp-content/uploads/2016/11/Sky-Muppets-crop-310x150.jpg]
[www.rick-fairlamb.co.uk/wp-content/uploads/2016/11/Cadburys-Childrens-book-visual-crop-310x150.jpg]
[www.rick-fairlamb.co.uk/wp-content/uploads/2016/09/P-021-310x150.jpg]
[www.rick-fairlamb.co.uk/wp-content/uploads/2016/09/P-01-310x150.jpg]
[www.rick-fairlamb.co.uk/wp-content/uploads/2016/09/Chivas-2-c-310x150.jpg]
[www.rick-fairlamb.co.uk/wp-content/uploads/2016/08/Robust-Red-crop-310x150.jpg]
[www.rick-fairlamb.co.uk/wp-content/uploads/2016/09/Chivas-Shooting-boardsc-310x150.jpg]
[www.rick-fairlamb.co.uk/wp-content/uploads/2016/06/Branston-crop-310x150.jpg]
[www.rick-fairlamb.co.uk/wp-content/uploads/2013/07/Nic-Monster-crop1-310x150.jpg]
[www.rick-fairlamb.co.uk/wp-content/uploads/2013/08/Gary-01-310x150.jpg]
[www.rick-fairlamb.co.uk/wp-content/uploads/2013/07/Persil-Dresscrop-02-310x150.jpg]
[www.rick-fairlamb.co.uk/wp-content/uploads/2013/01/Twiningscrop-310x150.jpg]
[www.rick-fairlamb.co.uk/wp-content/uploads/2013/05/Michael-madsen-01-310x150.jpg]
[www.rick-fairlamb.co.uk/wp-content/uploads/2012/06/City-Element-Storyboard-03small-res-310x150.jpg]
[www.rick-fairlamb.co.uk/category/portfolio/storyboards/page/3/index.html]
[www.rick-fairlamb.co.uk/wp-content/uploads/2011/11/Skatefreecrop1-310x150.jpg]
[www.rick-fairlamb.co.uk/wp-content/uploads/2023/01/Nintendo-Tree-Character-Designs.jpg]
[www.rick-fairlamb.co.uk/portfolio/character-design/nintendo-tree-character-designs/index.html]
[www.rick-fairlamb.co.uk/index1313.html]
[www.rick-fairlamb.co.uk/wp-content/uploads/2023/01/Nintendo-Tree-Character-Designs-950x380.jpg]
[www.rick-fairlamb.co.uk/wp-content/uploads/2021/07/The-Stone-Saxons-frame-15.jpg]
[www.rick-fairlamb.co.uk/portfolio/illustration/the-stone-saxons-pt-3/feed/index.html]
[www.rick-fairlamb.co.uk/portfolio/illustration/the-stone-saxons-pt-3/index.html]
[www.rick-fairlamb.co.uk/wp-content/uploads/2021/07/The-Stone-Saxons-frame-15-950x545.jpg]
[www.rick-fairlamb.co.uk/portfolio/character-design/nintendo-tree-character-designs/feed/index.html]
[www.rick-fairlamb.co.uk/wp-content/uploads/2021/07/The-Stone-saxons-012.jpg]
[www.rick-fairlamb.co.uk/portfolio/illustration/the-stone-saxons-pt-2/feed/index.html]
[www.rick-fairlamb.co.uk/portfolio/illustration/the-stone-saxons-pt-2/index.html]
[www.rick-fairlamb.co.uk/wp-content/uploads/2021/07/The-Stone-saxons-012-950x529.jpg]
[www.rick-fairlamb.co.uk/wp-content/uploads/2018/01/Santa-Train.jpg]
[www.rick-fairlamb.co.uk/portfolio/illustration/santa-express-2/feed/index.html]
[www.rick-fairlamb.co.uk/portfolio/illustration/santa-express-2/index.html]
[www.rick-fairlamb.co.uk/wp-content/uploads/2018/01/Santa-Train-700x700.jpg]
[www.rick-fairlamb.co.uk/portfolio/illustration/doctor-who-the-return-of-davros/feed/index.html]
[www.rick-fairlamb.co.uk/wp-content/uploads/2018/09/Dr.-Who-Davros-Return.jpg]
[www.rick-fairlamb.co.uk/portfolio/illustration/doctor-who-the-return-of-davros/index.html]
[www.rick-fairlamb.co.uk/wp-content/uploads/2018/09/Dr.-Who-Davros-Return-700x700.jpg]
[www.rick-fairlamb.co.uk/portfolio/illustration/time-trips/feed/index.html]
[www.rick-fairlamb.co.uk/wp-content/uploads/2017/03/Time-Trips1.jpg]
[www.rick-fairlamb.co.uk/portfolio/illustration/time-trips/index.html]
[www.rick-fairlamb.co.uk/wp-content/uploads/2017/03/Time-Trips1-434x700.jpg]
[www.rick-fairlamb.co.uk/portfolio/illustration/pudding-lane/feed/index.html]
[www.rick-fairlamb.co.uk/portfolio/illustration/pudding-lane/index.html]
[www.rick-fairlamb.co.uk/wp-content/uploads/2017/10/Pudding-Lane-the-day-of-the-fire-456x700.jpg]
[www.rick-fairlamb.co.uk/portfolio/illustration/reveal/feed/index.html]
[www.rick-fairlamb.co.uk/wp-content/uploads/2016/12/Reveal1.jpg]
[www.rick-fairlamb.co.uk/portfolio/illustration/reveal/index.html]
[www.rick-fairlamb.co.uk/wp-content/uploads/2016/12/Reveal1-506x700.jpg]
[www.rick-fairlamb.co.uk/portfolio/illustration/the-english-fleet-heading-to-the-dutch-coast/feed/index.html]
[www.rick-fairlamb.co.uk/wp-content/uploads/2017/10/British-Fleet-1666-456x700.jpg]
[www.rick-fairlamb.co.uk/portfolio/illustration/the-english-fleet-heading-to-the-dutch-coast/index.html]
[www.rick-fairlamb.co.uk/portfolio/illustration/snowgirl/feed/index.html]
[www.rick-fairlamb.co.uk/wp-content/uploads/2012/12/Snowgirl.jpg]
[www.rick-fairlamb.co.uk/portfolio/illustration/snowgirl/index.html]
[www.rick-fairlamb.co.uk/wp-content/uploads/2012/12/Snowgirl-950x532.jpg]
[www.rick-fairlamb.co.uk/wp-content/uploads/2016/08/Bubble-kids-crop-1-310x150.jpg]
[www.rick-fairlamb.co.uk/wp-content/uploads/2017/10/TGFOL-Christopher-Wren-950x682-310x150.jpg]
[www.rick-fairlamb.co.uk/wp-content/uploads/2016/06/Mariella-under-the-sea-f-crop-310x150.jpg]
[www.rick-fairlamb.co.uk/wp-content/uploads/2016/06/Racers-s-310x150.jpg]
[www.rick-fairlamb.co.uk/wp-content/uploads/2016/05/Night-Train-s-upload1-310x150.jpg]
[www.rick-fairlamb.co.uk/wp-content/uploads/2012/10/The-Bookshop-310x150.jpg]
[www.rick-fairlamb.co.uk/wp-content/uploads/2016/04/Goblin-Garden1-310x150.jpg]
[www.rick-fairlamb.co.uk/wp-content/uploads/2016/08/Cap-at-War-scrop-2.jpg]
[www.rick-fairlamb.co.uk/wp-content/uploads/2016/02/The-Tower-website2-310x150.jpg]
[www.rick-fairlamb.co.uk/wp-content/uploads/2016/01/Santa-waving-crop-310x150.jpg]
[www.rick-fairlamb.co.uk/wp-content/uploads/2016/10/Metropolis-310x150.jpg]
[www.rick-fairlamb.co.uk/wp-content/uploads/2014/08/City-Kidss-crop-310x150.jpg]
[www.rick-fairlamb.co.uk/wp-content/uploads/2015/07/Girl-Praying-at-night-facebook-1-310x150.jpg]
[www.rick-fairlamb.co.uk/wp-content/uploads/2014/05/Discovery-FIN-310x150.jpg]
[www.rick-fairlamb.co.uk/category/portfolio/illustration/page/2/index.html]
[www.rick-fairlamb.co.uk/index271a.html]
[www.rick-fairlamb.co.uk/wp-content/uploads/2013/08/Sherlock-holmes-A-three-pipe-problem-310x150.jpg]
[www.rick-fairlamb.co.uk/wp-content/uploads/2013/03/Monuman1.jpg]
[www.rick-fairlamb.co.uk/portfolio/character-design/monuman/index.html]
[www.rick-fairlamb.co.uk/portfolio/character-design/monuman/feed/index.html]
[www.rick-fairlamb.co.uk/wp-content/uploads/2013/07/Engine-head-Charcater-Designs-s.jpg]
[www.rick-fairlamb.co.uk/portfolio/character-design/engine-head-character-sketches/feed/index.html]
[www.rick-fairlamb.co.uk/portfolio/character-design/engine-head-character-sketches/index.html]
[www.rick-fairlamb.co.uk/wp-content/uploads/2013/07/Engine-head-Charcater-Designs-s-950x671.jpg]
[www.rick-fairlamb.co.uk/portfolio/character-design/alien-princess-with-holo-pet/feed/index.html]
[www.rick-fairlamb.co.uk/wp-content/uploads/2018/09/Alien-Princess-Holo-Pet.jpg]
[www.rick-fairlamb.co.uk/portfolio/character-design/alien-princess-with-holo-pet/index.html]
[www.rick-fairlamb.co.uk/index0ec2.html]
[www.rick-fairlamb.co.uk/index938b.html]
[www.rick-fairlamb.co.uk/index3655.html]
[www.rick-fairlamb.co.uk/index539d.html]
[www.rick-fairlamb.co.uk/indexb827.html]
[www.rick-fairlamb.co.uk/index7864.html]
[www.rick-fairlamb.co.uk/indexaa10.html]
[www.rick-fairlamb.co.uk/indexfec6.html]
[www.rick-fairlamb.co.uk/index973d.html]
[www.rick-fairlamb.co.uk/index19eb.html]
[www.rick-fairlamb.co.uk/indexe820.html]
[www.rick-fairlamb.co.uk/indexdc17.html]
[www.rick-fairlamb.co.uk/index799a.html]
[www.rick-fairlamb.co.uk/wp-content/uploads/2018/09/Alien-Princess-Holo-Pet-446x700.jpg]
[www.rick-fairlamb.co.uk/wp-content/uploads/2017/06/London-Memories.jpg]
[www.rick-fairlamb.co.uk/portfolio/storyboards/london-memories/feed/index.html]
[www.rick-fairlamb.co.uk/portfolio/storyboards/london-memories/index.html]
[www.rick-fairlamb.co.uk/indexe939.html]
[www.rick-fairlamb.co.uk/index82f7.html]
[www.rick-fairlamb.co.uk/index2a7f.html]
[www.rick-fairlamb.co.uk/indexa574.html]
[www.rick-fairlamb.co.uk/wp-content/uploads/2017/06/London-Memories-950x671.jpg]
[www.rick-fairlamb.co.uk/portfolio/the-great-fire-of-london/london-1666-morning-of-the-fire/feed/index.html]
[www.rick-fairlamb.co.uk/wp-content/uploads/2015/09/London-Morning-s.jpg]
[www.rick-fairlamb.co.uk/portfolio/the-great-fire-of-london/london-1666-morning-of-the-fire/index.html]
[www.rick-fairlamb.co.uk/wp-content/uploads/2015/09/London-Morning-s-950x418.jpg]
[www.rick-fairlamb.co.uk/portfolio/the-great-fire-of-london/pudding-lane-the-day-of-the-fire/feed/index.html]
[www.rick-fairlamb.co.uk/wp-content/uploads/2015/09/Pudding-Lane-the-day-of-the-fire.jpg]
[www.rick-fairlamb.co.uk/portfolio/the-great-fire-of-london/pudding-lane-the-day-of-the-fire/index.html]
[www.rick-fairlamb.co.uk/wp-content/uploads/2015/09/Pudding-Lane-the-day-of-the-fire-456x700.jpg]
[www.rick-fairlamb.co.uk/portfolio/the-great-fire-of-london/people-fleeing-the-city/feed/index.html]
[www.rick-fairlamb.co.uk/wp-content/uploads/2015/09/People-heading-for-Londons-fields.jpg]
[www.rick-fairlamb.co.uk/portfolio/the-great-fire-of-london/people-fleeing-the-city/index.html]
[www.rick-fairlamb.co.uk/wp-content/uploads/2015/09/People-heading-for-Londons-fields-456x700.jpg]
[www.rick-fairlamb.co.uk/portfolio/the-great-fire-of-london/charles-ii-and-christopher-wren-plan-new-london/feed/index.html]
[www.rick-fairlamb.co.uk/wp-content/uploads/2015/09/Charles-Wren-Plan-new-London.jpg]
[www.rick-fairlamb.co.uk/portfolio/the-great-fire-of-london/charles-ii-and-christopher-wren-plan-new-london/index.html]
[www.rick-fairlamb.co.uk/wp-content/uploads/2015/09/Charles-Wren-Plan-new-London-511x700.jpg]
[www.rick-fairlamb.co.uk/wp-content/uploads/2015/09/The-Plague-16653-906x7002.jpg]
[www.rick-fairlamb.co.uk/portfolio/the-great-fire-of-london/the-plague-of-1665/index.html]
[www.rick-fairlamb.co.uk/portfolio/the-great-fire-of-london/the-plague-of-1665/feed/index.html]
[www.rick-fairlamb.co.uk/wp-content/uploads/2015/09/Thomas-Farriners-Servant-.jpg]
[www.rick-fairlamb.co.uk/portfolio/the-great-fire-of-london/thomas-farriners-servant-the-night-of-the-fire/feed/index.html]
[www.rick-fairlamb.co.uk/wp-content/uploads/2015/09/Thomas-Farriners-Servant--846x700.jpg]
[www.rick-fairlamb.co.uk/portfolio/the-great-fire-of-london/thomas-farriners-servant-the-night-of-the-fire/index.html]
[www.rick-fairlamb.co.uk/portfolio/the-great-fire-of-london/the-english-fleet-sailing-to-the-dutch-coast/feed/index.html]
[www.rick-fairlamb.co.uk/wp-content/uploads/2015/09/British-Fleet-1666.jpg]
[www.rick-fairlamb.co.uk/portfolio/the-great-fire-of-london/the-english-fleet-sailing-to-the-dutch-coast/index.html]
[www.rick-fairlamb.co.uk/wp-content/uploads/2015/09/British-Fleet-1666-456x700.jpg]
[www.rick-fairlamb.co.uk/portfolio/the-great-fire-of-london/farriners-escaping-the-fire/feed/index.html]
[www.rick-fairlamb.co.uk/wp-content/uploads/2015/09/Farriners-escaping-the-fire.jpg]
[www.rick-fairlamb.co.uk/portfolio/the-great-fire-of-london/farriners-escaping-the-fire/index.html]
[www.rick-fairlamb.co.uk/wp-content/uploads/2015/09/Farriners-escaping-the-fire-456x700.jpg]
[www.rick-fairlamb.co.uk/wp-content/uploads/2015/09/Old-St-Pauls-Cathedral-on-fire1.jpg]
[www.rick-fairlamb.co.uk/portfolio/the-great-fire-of-london/old-st-pauls-cathedral-on-fire/index.html]
[www.rick-fairlamb.co.uk/portfolio/the-great-fire-of-london/old-st-pauls-cathedral-on-fire/feed/index.html]
[www.rick-fairlamb.co.uk/wp-content/uploads/2015/09/Samuel-Pepys-Belongings-s.jpg]
[www.rick-fairlamb.co.uk/portfolio/the-great-fire-of-london/samuel-pepys-belongings/index.html]
[www.rick-fairlamb.co.uk/wp-content/uploads/2015/09/London-Southbank-s.jpg]
[www.rick-fairlamb.co.uk/portfolio/the-great-fire-of-london/samuel-pepys-belongings/feed/index.html]
[www.rick-fairlamb.co.uk/wp-content/uploads/2015/09/London-Southbank-s-907x700.jpg]
[www.rick-fairlamb.co.uk/portfolio/the-great-fire-of-london/london-from-the-southbank/index.html]
[www.rick-fairlamb.co.uk/portfolio/the-great-fire-of-london/london-from-the-southbank/feed/index.html]
[www.rick-fairlamb.co.uk/wp-content/uploads/2016/07/13412966_900124173430916_960880149693417911_n.jpg]
[www.rick-fairlamb.co.uk/portfolio/the-great-fire-of-london/london-homes-being-reclaimed/feed/index.html]
[www.rick-fairlamb.co.uk/portfolio/the-great-fire-of-london/london-homes-being-reclaimed/index.html]
[www.rick-fairlamb.co.uk/wp-content/uploads/2016/07/13412966_900124173430916_960880149693417911_n-700x700.jpg]
[www.rick-fairlamb.co.uk/wp-content/uploads/2017/10/London-Refugees-s1.jpg]
[www.rick-fairlamb.co.uk/portfolio/the-great-fire-of-london/london-refugees-1666/feed/index.html]
[www.rick-fairlamb.co.uk/portfolio/the-great-fire-of-london/london-refugees-1666/index.html]
[www.rick-fairlamb.co.uk/wp-content/uploads/2017/10/London-Refugees-s1-950x671.jpg]
[www.rick-fairlamb.co.uk/portfolio/the-great-fire-of-london/king-charles-ii-observing-the-fire/feed/index.html]
[www.rick-fairlamb.co.uk/wp-content/uploads/2017/10/King-Charles-II-observing-the-Fire.jpg]
[www.rick-fairlamb.co.uk/portfolio/the-great-fire-of-london/king-charles-ii-observing-the-fire/index.html]
[www.rick-fairlamb.co.uk/indexa9bf.html]
[www.rick-fairlamb.co.uk/wp-content/uploads/2017/10/King-Charles-II-observing-the-Fire-950x671.jpg]
[www.rick-fairlamb.co.uk/portfolio/storyboards/heathrow-storyboard-frames-4-5/feed/index.html]
[www.rick-fairlamb.co.uk/wp-content/uploads/2016/08/h-02-comp.jpg]
[www.rick-fairlamb.co.uk/portfolio/storyboards/heathrow-storyboard-frames-4-5/index.html]
[www.rick-fairlamb.co.uk/indexef1a.html]
[www.rick-fairlamb.co.uk/index0e39.html]
[www.rick-fairlamb.co.uk/indexd5ec.html]
[www.rick-fairlamb.co.uk/wp-content/uploads/2016/08/h-02-comp-561x700.jpg]
[www.rick-fairlamb.co.uk/wp-content/uploads/2010/12/sf-b.jpg]
[www.rick-fairlamb.co.uk/portfolio/storyboards/quest-r/feed/index.html]
[www.rick-fairlamb.co.uk/portfolio/storyboards/quest-r/index.html]
[www.rick-fairlamb.co.uk/wp-content/uploads/2010/12/sf-b-660x700.jpg]
[www.rick-fairlamb.co.uk/portfolio/illustration/cap-at-war-2/feed/index.html]
[www.rick-fairlamb.co.uk/wp-content/uploads/2016/08/Cap-at-War-facebook.jpg]
[www.rick-fairlamb.co.uk/portfolio/illustration/cap-at-war-2/index.html]
[www.rick-fairlamb.co.uk/index4d23.html]
[www.rick-fairlamb.co.uk/wp-content/uploads/2016/08/Cap-at-War-facebook-466x700.jpg]
[www.rick-fairlamb.co.uk/wp-content/uploads/2016/06/B-Contactsheet-s.jpg]
[www.rick-fairlamb.co.uk/portfolio/storyboards/branston-cheese-mountain-storyboard/feed/index.html]
[www.rick-fairlamb.co.uk/portfolio/storyboards/branston-cheese-mountain-storyboard/index.html]
[www.rick-fairlamb.co.uk/index58f6.html]
[www.rick-fairlamb.co.uk/wp-content/uploads/2016/06/B-Contactsheet-s-950x687.jpg]
[www.rick-fairlamb.co.uk/portfolio/illustration/mariella-under-the-sea-2/feed/index.html]
[www.rick-fairlamb.co.uk/portfolio/illustration/mariella-under-the-sea-2/index.html]
[www.rick-fairlamb.co.uk/index1d38.html]
[www.rick-fairlamb.co.uk/indexb85c.html]
[www.rick-fairlamb.co.uk/wp-content/uploads/2016/06/Mariella-under-the-sea-f2.jpg]
[www.rick-fairlamb.co.uk/portfolio/illustration/city-kids/feed/index.html]
[www.rick-fairlamb.co.uk/wp-content/uploads/2014/08/City-Kids-s.jpg]
[www.rick-fairlamb.co.uk/portfolio/illustration/city-kids/index.html]
[www.rick-fairlamb.co.uk/wp-content/uploads/2014/08/City-Kids-s-891x700.jpg]
[www.rick-fairlamb.co.uk/wp-content/uploads/2010/11/walkers-crisps.jpg]
[www.rick-fairlamb.co.uk/portfolio/storyboards/walkers-crisps/index.html]
[www.rick-fairlamb.co.uk/index69dc.html]
[www.rick-fairlamb.co.uk/wp-content/uploads/2010/11/deadline.jpg]
[www.rick-fairlamb.co.uk/portfolio/storyboards/walkers-crisps/feed/index.html]
[www.rick-fairlamb.co.uk/portfolio/storyboards/soda-storyboard/feed/index.html]
[www.rick-fairlamb.co.uk/wp-content/uploads/2012/06/Soda-Storyboard.jpg]
[www.rick-fairlamb.co.uk/wp-content/uploads/2012/06/Soda-Storyboard-531x700.jpg]
[www.rick-fairlamb.co.uk/portfolio/storyboards/soda-storyboard/index.html]
[www.rick-fairlamb.co.uk/index325f.html]
[www.rick-fairlamb.co.uk/portfolio/storyboards/clarks-masked-ball/feed/index.html]
[www.rick-fairlamb.co.uk/wp-content/uploads/2011/11/Clarks2.jpg]
[www.rick-fairlamb.co.uk/portfolio/storyboards/clarks-masked-ball/index.html]
[www.rick-fairlamb.co.uk/index6093.html]
[www.rick-fairlamb.co.uk/index74fd.html]
[www.rick-fairlamb.co.uk/indexbe26.html]
[www.rick-fairlamb.co.uk/indexb69a.html]
[www.rick-fairlamb.co.uk/index9edc.html]
[www.rick-fairlamb.co.uk/indexfd6e.html]
[www.rick-fairlamb.co.uk/indexed28.html]
[www.rick-fairlamb.co.uk/index4163.html]
[www.rick-fairlamb.co.uk/wp-content/uploads/2011/11/Clarks2-511x700.jpg]
[www.rick-fairlamb.co.uk/index7304.html]
[www.rick-fairlamb.co.uk/indexa487.html]
[www.rick-fairlamb.co.uk/indexe121.html]
[www.rick-fairlamb.co.uk/index08a9.html]
[www.rick-fairlamb.co.uk/indexb51d.html]
[www.rick-fairlamb.co.uk/index8d33.html]
[www.rick-fairlamb.co.uk/index38c7.html]
[www.rick-fairlamb.co.uk/index2103.html]
[www.rick-fairlamb.co.uk/indexec50.html]
[www.rick-fairlamb.co.uk/index5a4f.html]
[www.rick-fairlamb.co.uk/portfolio/storyboards/quest-r1/feed/index.html]
[www.rick-fairlamb.co.uk/wp-content/uploads/2017/06/sf-a-660x700.jpg]
[www.rick-fairlamb.co.uk/portfolio/storyboards/quest-r1/index.html]
[www.rick-fairlamb.co.uk/wp-content/uploads/2017/06/sf-a-660x700-660x700.jpg]
[www.rick-fairlamb.co.uk/portfolio/storyboards/halifax-toy-storytop-cat-posters/feed/index.html]
[www.rick-fairlamb.co.uk/wp-content/uploads/2017/06/Halifax-Toy-StoryTop-Cat.jpg]
[www.rick-fairlamb.co.uk/portfolio/storyboards/halifax-toy-storytop-cat-posters/index.html]
[www.rick-fairlamb.co.uk/wp-content/uploads/2017/06/Halifax-Toy-StoryTop-Cat-950x668.jpg]
[www.rick-fairlamb.co.uk/wp-content/uploads/2017/11/Sky-Muppets.jpg]
[www.rick-fairlamb.co.uk/portfolio/storyboards/sky-muppets/feed/index.html]
[www.rick-fairlamb.co.uk/portfolio/storyboards/sky-muppets/index.html]
[www.rick-fairlamb.co.uk/wp-content/uploads/2017/11/Sky-Muppets-709x700.jpg]
[www.rick-fairlamb.co.uk/portfolio/storyboards/cadbury-childrens-book-visual/feed/index.html]
[www.rick-fairlamb.co.uk/wp-content/uploads/2017/11/Cadburys-Childrens-book-visual.jpg]
[www.rick-fairlamb.co.uk/portfolio/storyboards/cadbury-childrens-book-visual/index.html]
[www.rick-fairlamb.co.uk/wp-content/uploads/2017/11/Cadburys-Childrens-book-visual-539x700.jpg]
[www.rick-fairlamb.co.uk/portfolio/storyboards/paw-patrol-storyboards-2/feed/index.html]
[www.rick-fairlamb.co.uk/wp-content/uploads/2016/09/P-021.jpg]
[www.rick-fairlamb.co.uk/portfolio/storyboards/paw-patrol-storyboards-2/index.html]
[www.rick-fairlamb.co.uk/wp-content/uploads/2016/09/P-021-494x700.jpg]
[www.rick-fairlamb.co.uk/wp-content/uploads/2016/09/P-01.jpg]
[www.rick-fairlamb.co.uk/portfolio/storyboards/paw-patrol-pups-save-marshall-storyboards-1/feed/index.html]
[www.rick-fairlamb.co.uk/portfolio/storyboards/paw-patrol-pups-save-marshall-storyboards-1/index.html]
[www.rick-fairlamb.co.uk/wp-content/uploads/2016/09/P-01-494x700.jpg]
[www.rick-fairlamb.co.uk/portfolio/storyboards/chivas-2-shooting-boards/feed/index.html]
[www.rick-fairlamb.co.uk/wp-content/uploads/2016/09/Chivas-2.jpg]
[www.rick-fairlamb.co.uk/portfolio/storyboards/chivas-2-shooting-boards/index.html]
[www.rick-fairlamb.co.uk/wp-content/uploads/2016/09/Chivas-2-950x668.jpg]
[www.rick-fairlamb.co.uk/portfolio/storyboards/market-deli-crisps-robust-red-storyboards/feed/index.html]
[www.rick-fairlamb.co.uk/wp-content/uploads/2016/08/Robust-Red.jpg]
[www.rick-fairlamb.co.uk/portfolio/storyboards/market-deli-crisps-robust-red-storyboards/index.html]
[www.rick-fairlamb.co.uk/wp-content/uploads/2016/08/Robust-Red-623x700.jpg]
[www.rick-fairlamb.co.uk/portfolio/storyboards/chivas-shooting-boards/feed/index.html]
[www.rick-fairlamb.co.uk/wp-content/uploads/2016/09/Chivas-Shooting-boards-s.jpg]
[www.rick-fairlamb.co.uk/portfolio/storyboards/chivas-shooting-boards/index.html]
[www.rick-fairlamb.co.uk/wp-content/uploads/2016/09/Chivas-Shooting-boards-s-950x671.jpg]
[www.rick-fairlamb.co.uk/portfolio/storyboards/monster-storyboard/feed/index.html]
[www.rick-fairlamb.co.uk/wp-content/uploads/2013/07/Monster-Contact-sheets.jpg]
[www.rick-fairlamb.co.uk/wp-content/uploads/2013/07/Monster-Contact-sheets-338x700.jpg]
[www.rick-fairlamb.co.uk/portfolio/storyboards/monster-storyboard/index.html]
[www.rick-fairlamb.co.uk/portfolio/storyboards/walkers-storyboard-frame/feed/index.html]
[www.rick-fairlamb.co.uk/wp-content/uploads/2013/08/Gary-01.jpg]
[www.rick-fairlamb.co.uk/portfolio/storyboards/walkers-storyboard-frame/index.html]
[www.rick-fairlamb.co.uk/wp-content/uploads/2013/08/Gary-01-950x669.jpg]
[www.rick-fairlamb.co.uk/portfolio/storyboards/persil-dress/feed/index.html]
[www.rick-fairlamb.co.uk/wp-content/uploads/2013/07/Persil-Dress.jpg]
[www.rick-fairlamb.co.uk/portfolio/storyboards/persil-dress/index.html]
[www.rick-fairlamb.co.uk/wp-content/uploads/2013/07/Persil-Dress-950x696.jpg]
[www.rick-fairlamb.co.uk/portfolio/storyboards/twinings-cumberbatch-mad-hatter/feed/index.html]
[www.rick-fairlamb.co.uk/wp-content/uploads/2013/07/Twiningss.jpg]
[www.rick-fairlamb.co.uk/portfolio/storyboards/twinings-cumberbatch-mad-hatter/index.html]
[www.rick-fairlamb.co.uk/wp-content/uploads/2013/07/Twiningss-509x700.jpg]
[www.rick-fairlamb.co.uk/wp-content/uploads/2013/05/Michael-madsen-01.jpg]
[www.rick-fairlamb.co.uk/portfolio/storyboards/michael-madsen/feed/index.html]
[www.rick-fairlamb.co.uk/portfolio/storyboards/michael-madsen/index.html]
[www.rick-fairlamb.co.uk/wp-content/uploads/2013/05/Michael-madsen-01-950x671.jpg]
[www.rick-fairlamb.co.uk/portfolio/storyboards/city-element-storyboard-03/feed/index.html]
[www.rick-fairlamb.co.uk/wp-content/uploads/2012/06/City-Element-Storyboard-03small-res.jpg]
[www.rick-fairlamb.co.uk/portfolio/storyboards/city-element-storyboard-03/index.html]
[www.rick-fairlamb.co.uk/wp-content/uploads/2012/06/City-Element-Storyboard-03small-res-494x700.jpg]
[www.rick-fairlamb.co.uk/portfolio/storyboards/skatefree-2/feed/index.html]
[www.rick-fairlamb.co.uk/wp-content/uploads/2011/11/Skatefree1.jpg]
[www.rick-fairlamb.co.uk/portfolio/storyboards/skatefree-2/index.html]
[www.rick-fairlamb.co.uk/wp-content/uploads/2011/11/Skatefree1-609x700.jpg]
[www.rick-fairlamb.co.uk/wp-content/uploads/2011/11/Clarks2-310x150.jpg]
[www.rick-fairlamb.co.uk/wp-content/uploads/2013/03/James-Bond-Die-Another-day-crop-310x150.jpg]
[www.rick-fairlamb.co.uk/wp-content/uploads/2011/11/CHASEcrop-310x150.jpg]
[www.rick-fairlamb.co.uk/wp-content/uploads/2010/11/Soda-Storyboard-310x150.jpg]
[www.rick-fairlamb.co.uk/wp-content/uploads/2010/11/drinklabcrop-310x150.jpg]
[www.rick-fairlamb.co.uk/wp-content/uploads/2012/06/Army-Careers-Posters-crop1-310x150.jpg]
[www.rick-fairlamb.co.uk/wp-content/uploads/2012/06/liptons-rescrop-310x150.jpg]
[www.rick-fairlamb.co.uk/wp-content/uploads/2010/12/guinnesscrop-310x150.jpg]
[www.rick-fairlamb.co.uk/wp-content/uploads/2010/11/budweiser-crop-310x150.jpg]
[www.rick-fairlamb.co.uk/wp-content/uploads/2010/11/corsacrop-310x150.jpg]
[www.rick-fairlamb.co.uk/wp-content/uploads/2010/12/arthur-storyboard-crop-310x150.jpg]
[www.rick-fairlamb.co.uk/wp-content/uploads/2011/07/nissan-02.jpg]
[www.rick-fairlamb.co.uk/wp-content/uploads/2011/11/Nescafecrop-310x150.jpg]
[www.rick-fairlamb.co.uk/wp-content/uploads/2010/12/walkers-crispscrop.jpg]
[www.rick-fairlamb.co.uk/category/portfolio/storyboards/page/4/index.html]
[www.rick-fairlamb.co.uk/index4832.html]
[www.rick-fairlamb.co.uk/indexb0ef.html]
[www.rick-fairlamb.co.uk/indexc667.html]
[www.rick-fairlamb.co.uk/indexa5fa.html]
[www.rick-fairlamb.co.uk/index39ea.html]
[www.rick-fairlamb.co.uk/indexaf97.html]
[www.rick-fairlamb.co.uk/index38bb.html]
[www.rick-fairlamb.co.uk/index0272.html]
[www.rick-fairlamb.co.uk/index03c0.html]
[www.rick-fairlamb.co.uk/index97f3.html]
[www.rick-fairlamb.co.uk/wp-content/uploads/2010/12/marmitecrop-310x150.jpg]
[www.rick-fairlamb.co.uk/wp-content/uploads/2016/08/Bubble-kids-website.jpg]
[www.rick-fairlamb.co.uk/portfolio/illustration/bubble-kids-2/index.html]
[www.rick-fairlamb.co.uk/wp-content/uploads/2016/08/Bubble-kids-website-494x700.jpg]
[www.rick-fairlamb.co.uk/portfolio/illustration/bubble-kids-2/feed/index.html]
[www.rick-fairlamb.co.uk/wp-content/uploads/2017/10/TGFOL-Christopher-Wren-950x682.jpg]
[www.rick-fairlamb.co.uk/portfolio/illustration/wren-building-the-new-st-pauls-cathedral-2/index.html]
[www.rick-fairlamb.co.uk/portfolio/illustration/wren-building-the-new-st-pauls-cathedral-2/feed/index.html]
[www.rick-fairlamb.co.uk/wp-content/uploads/2015/07/Girl-Praying-at-night-facebook-1.jpg]
[www.rick-fairlamb.co.uk/portfolio/illustration/little-girl-praying-at-night-2/feed/index.html]
[www.rick-fairlamb.co.uk/portfolio/illustration/little-girl-praying-at-night-2/index.html]
[www.rick-fairlamb.co.uk/wp-content/uploads/2015/07/Girl-Praying-at-night-facebook-1-494x700.jpg]
[www.rick-fairlamb.co.uk/wp-content/uploads/2014/05/Discovery-FIN.jpg]
[www.rick-fairlamb.co.uk/portfolio/illustration/discovery-5/index.html]
[www.rick-fairlamb.co.uk/portfolio/illustration/discovery-5/feed/index.html]
[www.rick-fairlamb.co.uk/portfolio/illustration/sherlock-holmes-a-three-pipe-problem/feed/index.html]
[www.rick-fairlamb.co.uk/wp-content/uploads/2013/08/Sherlock-holmes-A-three-pipe-problem.jpg]
[www.rick-fairlamb.co.uk/portfolio/illustration/sherlock-holmes-a-three-pipe-problem/index.html]
[www.rick-fairlamb.co.uk/index7ac1.html]
[www.rick-fairlamb.co.uk/index3486.html]
[www.rick-fairlamb.co.uk/index9c22.html]
[www.rick-fairlamb.co.uk/indexb280.html]
[www.rick-fairlamb.co.uk/index771f.html]
[www.rick-fairlamb.co.uk/index4e8a.html]
[www.rick-fairlamb.co.uk/index5b45.html]
[www.rick-fairlamb.co.uk/indexf75b.html]
[www.rick-fairlamb.co.uk/indexd17a.html]
[www.rick-fairlamb.co.uk/indexd7ab.html]
[www.rick-fairlamb.co.uk/index7961.html]
[www.rick-fairlamb.co.uk/index74d1.html]
[www.rick-fairlamb.co.uk/index8bf8.html]
[www.rick-fairlamb.co.uk/index55c6.html]
[www.rick-fairlamb.co.uk/index180e.html]
[www.rick-fairlamb.co.uk/index3e84.html]
[www.rick-fairlamb.co.uk/index724a.html]
[www.rick-fairlamb.co.uk/index67ac.html]
[www.rick-fairlamb.co.uk/index02bb.html]
[www.rick-fairlamb.co.uk/indexf5cb.html]
[www.rick-fairlamb.co.uk/index16e6.html]
[www.rick-fairlamb.co.uk/index6e27.html]
[www.rick-fairlamb.co.uk/index5d57.html]
[www.rick-fairlamb.co.uk/index4775.html]
[www.rick-fairlamb.co.uk/wp-content/uploads/2013/08/Sherlock-holmes-A-three-pipe-problem-950x646.jpg]
[www.rick-fairlamb.co.uk/portfolio/storyboards/nescafe/feed/index.html]
[www.rick-fairlamb.co.uk/wp-content/uploads/2011/11/Nescafe1.jpg]
[www.rick-fairlamb.co.uk/portfolio/storyboards/nescafe/index.html]
[www.rick-fairlamb.co.uk/index46e8.html]
[www.rick-fairlamb.co.uk/wp-content/uploads/2011/11/Nescafe1-494x700.jpg]
[www.rick-fairlamb.co.uk/portfolio/storyboards/drinklab/feed/index.html]
[www.rick-fairlamb.co.uk/wp-content/uploads/2010/11/drinklab-01.jpg]
[www.rick-fairlamb.co.uk/portfolio/storyboards/drinklab/index.html]
[www.rick-fairlamb.co.uk/index922d.html]
[www.rick-fairlamb.co.uk/indexbf1a.html]
[www.rick-fairlamb.co.uk/index5e1c.html]
[www.rick-fairlamb.co.uk/index21a5.html]
[www.rick-fairlamb.co.uk/index021b.html]
[www.rick-fairlamb.co.uk/index4e3c.html]
[www.rick-fairlamb.co.uk/index81d4.html]
[www.rick-fairlamb.co.uk/index8b69.html]
[www.rick-fairlamb.co.uk/index8191.html]
[www.rick-fairlamb.co.uk/indexe563.html]
[www.rick-fairlamb.co.uk/index9ad9.html]
[www.rick-fairlamb.co.uk/index9a49.html]
[www.rick-fairlamb.co.uk/index2481.html]
[www.rick-fairlamb.co.uk/index5171.html]
[www.rick-fairlamb.co.uk/indexb8cb.html]
[www.rick-fairlamb.co.uk/indexf613.html]
[www.rick-fairlamb.co.uk/indexae00.html]
[www.rick-fairlamb.co.uk/index3492.html]
[www.rick-fairlamb.co.uk/wp-content/uploads/2010/11/drinklab-01-950x643.jpg]
[www.rick-fairlamb.co.uk/portfolio/storyboards/army-careers-posters/feed/index.html]
[www.rick-fairlamb.co.uk/wp-content/uploads/2012/06/Army-Careers-Posters.jpg]
[www.rick-fairlamb.co.uk/portfolio/storyboards/army-careers-posters/index.html]
[www.rick-fairlamb.co.uk/wp-content/uploads/2012/06/Army-Careers-Posters-489x700.jpg]
[www.rick-fairlamb.co.uk/portfolio/storyboards/liptons-tea/feed/index.html]
[www.rick-fairlamb.co.uk/wp-content/uploads/2012/06/liptons-res.jpg]
[www.rick-fairlamb.co.uk/portfolio/storyboards/liptons-tea/index.html]
[www.rick-fairlamb.co.uk/wp-content/uploads/2012/06/liptons-res-950x679.jpg]
[www.rick-fairlamb.co.uk/portfolio/storyboards/guinness/feed/index.html]
[www.rick-fairlamb.co.uk/wp-content/uploads/2010/11/guinness1.jpg]
[www.rick-fairlamb.co.uk/portfolio/storyboards/guinness/index.html]
[www.rick-fairlamb.co.uk/wp-content/uploads/2010/11/guinness1-487x700.jpg]
[www.rick-fairlamb.co.uk/portfolio/storyboards/budweiser/feed/index.html]
[www.rick-fairlamb.co.uk/wp-content/uploads/2010/11/budweiser-band.jpg]
[www.rick-fairlamb.co.uk/portfolio/storyboards/budweiser/index.html]
[www.rick-fairlamb.co.uk/wp-content/uploads/2010/11/budweiser-band-472x700.jpg]
[www.rick-fairlamb.co.uk/portfolio/storyboards/corsa/feed/index.html]
[www.rick-fairlamb.co.uk/wp-content/uploads/2010/11/corsa-hide-and-seek.jpg]
[www.rick-fairlamb.co.uk/portfolio/storyboards/corsa/index.html]
[www.rick-fairlamb.co.uk/wp-content/uploads/2010/11/corsa-hide-and-seek-487x700.jpg]
[www.rick-fairlamb.co.uk/portfolio/storyboards/arthur/feed/index.html]
[www.rick-fairlamb.co.uk/wp-content/uploads/2010/12/arthur-storyboard.jpg]
[www.rick-fairlamb.co.uk/portfolio/storyboards/arthur/index.html]
[www.rick-fairlamb.co.uk/portfolio/storyboards/nissan-shooting-board/index.html]
[www.rick-fairlamb.co.uk/index486d.html]
[www.rick-fairlamb.co.uk/index337b.html]
[www.rick-fairlamb.co.uk/index2c41.html]
[www.rick-fairlamb.co.uk/indexede1.html]
[www.rick-fairlamb.co.uk/index8f7c.html]
[www.rick-fairlamb.co.uk/index3515.html]
[www.rick-fairlamb.co.uk/index3195.html]
[www.rick-fairlamb.co.uk/index1f8d.html]
[www.rick-fairlamb.co.uk/index20ad.html]
[www.rick-fairlamb.co.uk/index74ef.html]
[www.rick-fairlamb.co.uk/index7914.html]
[www.rick-fairlamb.co.uk/indexed87.html]
[www.rick-fairlamb.co.uk/indexfb45.html]
[www.rick-fairlamb.co.uk/wp-content/uploads/2010/12/arthur-storyboard-793x700.jpg]
[www.rick-fairlamb.co.uk/portfolio/storyboards/nissan-shooting-board/feed/index.html]
[www.rick-fairlamb.co.uk/index1723.html]
